 LearnGL

 Timestamp is 65d0d7b9 (Sat Feb 17 12:58:49 2024)

 Preferred load address is 0000000140000000

 Start         Length     Name                   Class
 0001:00000000 0000e200H .text$mn                CODE
 0001:0000e200 00000040H .text$mn$00             CODE
 0001:0000e240 00000a70H .text$mn$21             CODE
 0001:0000ecb0 00000440H .text$x                 CODE
 0002:00000000 00000308H .idata$5                DATA
 0002:00000308 00000038H .00cfg                  DATA
 0002:00000340 00000008H .CRT$XCA                DATA
 0002:00000348 00000008H .CRT$XCAA               DATA
 0002:00000350 00000008H .CRT$XCZ                DATA
 0002:00000358 00000008H .CRT$XIA                DATA
 0002:00000360 00000008H .CRT$XIAA               DATA
 0002:00000368 00000008H .CRT$XIAC               DATA
 0002:00000370 00000020H .CRT$XIC                DATA
 0002:00000390 00000008H .CRT$XIZ                DATA
 0002:00000398 00000008H .CRT$XPA                DATA
 0002:000003a0 00000010H .CRT$XPX                DATA
 0002:000003b0 00000008H .CRT$XPXA               DATA
 0002:000003b8 00000008H .CRT$XPZ                DATA
 0002:000003c0 00000008H .CRT$XTA                DATA
 0002:000003c8 00000008H .CRT$XTZ                DATA
 0002:000003d0 00000000H .gehcont$y              DATA
 0002:000003d0 00000000H .gfids$y                DATA
 0002:000003d0 000079a0H .rdata                  DATA
 0002:00007d70 00000190H .rdata$00               DATA
 0002:00007f00 00000000H .rdata$CastGuardVftablesA DATA
 0002:00007f00 00000000H .rdata$CastGuardVftablesC DATA
 0002:00007f00 0000016cH .rdata$r                DATA
 0002:0000806c 000000f8H .rdata$voltmd           DATA
 0002:00008164 000003a4H .rdata$zzzdbg           DATA
 0002:00008508 00000008H .rtc$IAA                DATA
 0002:00008510 00000008H .rtc$IZZ                DATA
 0002:00008518 00000008H .rtc$TAA                DATA
 0002:00008520 00000008H .rtc$TZZ                DATA
 0002:00008528 00000d60H .xdata                  DATA
 0002:00009288 00000084H .xdata$x                DATA
 0002:0000930c 00000000H .edata                  DATA
 0002:0000930c 00000050H .idata$2                DATA
 0002:0000935c 00000014H .idata$3                DATA
 0002:00009370 00000308H .idata$4                DATA
 0002:00009678 000006c0H .idata$6                DATA
 0003:00000000 00000a30H .data                   DATA
 0003:00000a30 00000050H .data$r                 DATA
 0003:00000a80 00000020H .data$rs                DATA
 0003:00000aa0 000011b8H .bss                    DATA
 0004:00000000 00000fe4H .pdata                  DATA
 0005:00000000 000001f4H _RDATA                  DATA

  Address         Publics by Value              Rva+Base               Lib:Object

 0000:00000000       __AbsoluteZero             0000000000000000     <absolute>
 0000:00000000       ___safe_se_handler_count   0000000000000000     <absolute>
 0000:00000000       ___safe_se_handler_table   0000000000000000     <absolute>
 0000:00000000       __arm64x_extra_rfe_table   0000000000000000     <absolute>
 0000:00000000       __arm64x_extra_rfe_table_size 0000000000000000     <absolute>
 0000:00000000       __arm64x_native_entrypoint 0000000000000000     <absolute>
 0000:00000000       __arm64x_redirection_metadata 0000000000000000     <absolute>
 0000:00000000       __arm64x_redirection_metadata_count 0000000000000000     <absolute>
 0000:00000000       __dynamic_value_reloc_table 0000000000000000     <absolute>
 0000:00000000       __enclave_config           0000000000000000     <absolute>
 0000:00000000       __guard_check_icall_a64n_fptr 0000000000000000     <absolute>
 0000:00000000       __guard_eh_cont_count      0000000000000000     <absolute>
 0000:00000000       __guard_eh_cont_table      0000000000000000     <absolute>
 0000:00000000       __guard_fids_count         0000000000000000     <absolute>
 0000:00000000       __guard_fids_table         0000000000000000     <absolute>
 0000:00000000       __guard_iat_count          0000000000000000     <absolute>
 0000:00000000       __guard_iat_table          0000000000000000     <absolute>
 0000:00000000       __guard_longjmp_count      0000000000000000     <absolute>
 0000:00000000       __guard_longjmp_table      0000000000000000     <absolute>
 0000:00000000       __hybrid_auxiliary_delayload_iat 0000000000000000     <absolute>
 0000:00000000       __hybrid_auxiliary_delayload_iat_copy 0000000000000000     <absolute>
 0000:00000000       __hybrid_auxiliary_iat     0000000000000000     <absolute>
 0000:00000000       __hybrid_auxiliary_iat_copy 0000000000000000     <absolute>
 0000:00000000       __hybrid_code_map          0000000000000000     <absolute>
 0000:00000000       __hybrid_code_map_count    0000000000000000     <absolute>
 0000:00000000       __hybrid_image_info_bitfield 0000000000000000     <absolute>
 0000:00000000       __x64_code_ranges_to_entry_points 0000000000000000     <absolute>
 0000:00000000       __x64_code_ranges_to_entry_points_count 0000000000000000     <absolute>
 0000:00000100       __guard_flags              0000000000000100     <absolute>
 0000:00000000       __ImageBase                0000000140000000     <linker-defined>
 0001:00000000       WinMain                    0000000140001000 f   windows.obj
 0001:00000688       __GSHandlerCheck           0000000140001688 f   LIBCMT:gshandler.obj
 0001:000006a8       __GSHandlerCheckCommon     00000001400016a8 f   LIBCMT:gshandler.obj
 0001:00000720       __security_check_cookie    0000000140001720 f   LIBCMT:amdsecgs.obj
 0001:00000998       WinMainCRTStartup          0000000140001998 f   LIBCMT:exe_winmain.obj
 0001:000009ac       __raise_securityfailure    00000001400019ac f   LIBCMT:gs_report.obj
 0001:000009e0       __report_gsfailure         00000001400019e0 f   LIBCMT:gs_report.obj
 0001:00000ab4       __report_rangecheckfailure 0000000140001ab4 f   LIBCMT:gs_report.obj
 0001:00000ac8       __report_securityfailure   0000000140001ac8 f   LIBCMT:gs_report.obj
 0001:00000c48       __scrt_acquire_startup_lock 0000000140001c48 f   LIBCMT:utility.obj
 0001:00000c84       __scrt_initialize_crt      0000000140001c84 f   LIBCMT:utility.obj
 0001:00000cc0       __scrt_initialize_onexit_tables 0000000140001cc0 f   LIBCMT:utility.obj
 0001:00000d4c       __scrt_is_nonwritable_in_current_image 0000000140001d4c f   LIBCMT:utility.obj
 0001:00000de4       __scrt_release_startup_lock 0000000140001de4 f   LIBCMT:utility.obj
 0001:00000e08       __scrt_uninitialize_crt    0000000140001e08 f   LIBCMT:utility.obj
 0001:00000e34       _onexit                    0000000140001e34 f   LIBCMT:utility.obj
 0001:00000e70       atexit                     0000000140001e70 f   LIBCMT:utility.obj
 0001:00000e88       __security_init_cookie     0000000140001e88 f   LIBCMT:gs_support.obj
 0001:00000f34       __scrt_exe_initialize_mta  0000000140001f34 f   LIBCMT:utility_desktop.obj
 0001:00000f34       __scrt_initialize_winrt    0000000140001f34 f   LIBCMT:utility_desktop.obj
 0001:00000f34       __scrt_stub_for_initialize_mta 0000000140001f34 f   LIBCMT:utility_desktop.obj
 0001:00000f34       _get_startup_commit_mode   0000000140001f34 f   LIBCMT:commit_mode.obj
 0001:00000f34       _get_startup_new_mode      0000000140001f34 f   LIBCMT:new_mode.obj
 0001:00000f34       _get_startup_thread_locale_mode 0000000140001f34 f   LIBCMT:thread_locale.obj
 0001:00000f34       _matherr                   0000000140001f34 f   LIBCMT:matherr.obj
 0001:00000f38       _get_startup_argv_mode     0000000140001f38 f   LIBCMT:argv_mode.obj
 0001:00000f40       _get_startup_file_mode     0000000140001f40 f   LIBCMT:file_mode.obj
 0001:00000f48       ?__scrt_initialize_type_info@@YAXXZ 0000000140001f48 f   LIBCMT:tncleanup.obj
 0001:00000f58       __acrt_uninitialize_command_line 0000000140001f58 f   libucrt:argv_data.obj
 0001:00000f58       _should_initialize_environment 0000000140001f58 f   LIBCMT:env_mode.obj
 0001:00000f5c       _guard_check_icall_nop     0000000140001f5c f   LIBCMT:guard_support.obj
 0001:00000f5c       _initialize_denormal_control 0000000140001f5c f   LIBCMT:denormal_control.obj
 0001:00000f5c       _initialize_invalid_parameter_handler 0000000140001f5c f   LIBCMT:invalid_parameter_handler.obj
 0001:00000f60       __local_stdio_printf_options 0000000140001f60 f i LIBCMT:default_local_stdio_options.obj
 0001:00000f68       __local_stdio_scanf_options 0000000140001f68 f i LIBCMT:default_local_stdio_options.obj
 0001:00000f70       __scrt_initialize_default_local_stdio_options 0000000140001f70 f   LIBCMT:default_local_stdio_options.obj
 0001:00000f8c       __scrt_is_user_matherr_present 0000000140001f8c f   LIBCMT:matherr_detection.obj
 0001:00000f98       __scrt_get_dyn_tls_init_callback 0000000140001f98 f   LIBCMT:dyn_tls_init.obj
 0001:00000fa0       __scrt_get_dyn_tls_dtor_callback 0000000140001fa0 f   LIBCMT:dyn_tls_dtor.obj
 0001:00000fa8       __crt_debugger_hook        0000000140001fa8 f   LIBCMT:utility_desktop.obj
 0001:00000fb0       __scrt_fastfail            0000000140001fb0 f   LIBCMT:utility_desktop.obj
 0001:000010f8       __scrt_get_show_window_mode 00000001400020f8 f   LIBCMT:utility_desktop.obj
 0001:00001134       __scrt_initialize_mta      0000000140002134 f   LIBCMT:utility_desktop.obj
 0001:0000113c       __scrt_is_managed_app      000000014000213c f   LIBCMT:utility_desktop.obj
 0001:00001190       __scrt_set_unhandled_exception_filter 0000000140002190 f   LIBCMT:utility_desktop.obj
 0001:000011a0       __scrt_unhandled_exception_filter 00000001400021a0 f   LIBCMT:utility_desktop.obj
 0001:000011fc       _RTC_Initialize            00000001400021fc f   LIBCMT:initsect.obj
 0001:00001238       _RTC_Terminate             0000000140002238 f   LIBCMT:initsect.obj
 0001:00001274       __isa_available_init       0000000140002274 f   LIBCMT:cpu_disp.obj
 0001:00001420       __scrt_is_ucrt_dll_in_use  0000000140002420 f   LIBCMT:ucrt_detection.obj
 0001:00001430       __C_specific_handler       0000000140002430 f   libvcruntime:riscchandler.obj
 0001:00001648       __vcrt_initialize          0000000140002648 f   libvcruntime:initialization.obj
 0001:00001670       __vcrt_uninitialize        0000000140002670 f   libvcruntime:initialization.obj
 0001:0000168c       __std_type_info_compare    000000014000268c f   libvcruntime:std_type_info.obj
 0001:000016b4       __DestructExceptionObject  00000001400026b4 f   libvcruntime:ehhelpers.obj
 0001:00001724       ?_CallMemberFunction0@@YAXQEAX0@Z 0000000140002724 f i libvcruntime:ehhelpers.obj
 0001:00001728       _IsExceptionObjectToBeDestroyed 0000000140002728 f   libvcruntime:ehhelpers.obj
 0001:00001758       __AdjustPointer            0000000140002758 f   libvcruntime:ehhelpers.obj
 0001:0000177c       __FrameUnwindFilter        000000014000277c f   libvcruntime:ehhelpers.obj
 0001:000017e4       __current_exception        00000001400027e4 f   libvcruntime:ehhelpers.obj
 0001:000017f8       __current_exception_context 00000001400027f8 f   libvcruntime:ehhelpers.obj
 0001:0000180c       __std_terminate            000000014000280c f   libvcruntime:ehhelpers.obj
 0001:00001850       _NLG_Notify                0000000140002850 f   libvcruntime:notify.obj
 0001:00001870       __NLG_Dispatch2            0000000140002870 f   libvcruntime:notify.obj
 0001:00001880       __NLG_Return2              0000000140002880 f   libvcruntime:notify.obj
 0001:00001884       __except_validate_context_record 0000000140002884 f   libvcruntime:jbcxrval.obj
 0001:000018bc       __vcrt_freefls             00000001400028bc f   libvcruntime:per_thread_data.obj
 0001:000018dc       __vcrt_getptd              00000001400028dc f   libvcruntime:per_thread_data.obj
 0001:000018f8       __vcrt_getptd_noexit       00000001400028f8 f   libvcruntime:per_thread_data.obj
 0001:000019b8       __vcrt_initialize_ptd      00000001400029b8 f   libvcruntime:per_thread_data.obj
 0001:00001a00       __vcrt_uninitialize_ptd    0000000140002a00 f   libvcruntime:per_thread_data.obj
 0001:00001a24       __vcrt_initialize_locks    0000000140002a24 f   libvcruntime:locks.obj
 0001:00001a6c       __vcrt_uninitialize_locks  0000000140002a6c f   libvcruntime:locks.obj
 0001:00001bf4       __vcrt_FlsAlloc            0000000140002bf4 f   libvcruntime:winapi_downlevel.obj
 0001:00001c3c       __vcrt_FlsFree             0000000140002c3c f   libvcruntime:winapi_downlevel.obj
 0001:00001c84       __vcrt_FlsGetValue         0000000140002c84 f   libvcruntime:winapi_downlevel.obj
 0001:00001ccc       __vcrt_FlsSetValue         0000000140002ccc f   libvcruntime:winapi_downlevel.obj
 0001:00001d20       __vcrt_InitializeCriticalSectionEx 0000000140002d20 f   libvcruntime:winapi_downlevel.obj
 0001:00001d84       ??$_CallSETranslator@V__FrameHandler3@@@@YAHPEAUEHExceptionRecord@@PEA_KPEAU_CONTEXT@@PEAU_xDISPATCHER_CONTEXT@@PEBU_s_FuncInfo@@K1H@Z 0000000140002d84 f i libvcruntime:risctrnsctrl.obj
 0001:00001dd8       ?CatchTryBlock@__FrameHandler3@@SAPEBU_s_TryBlockMapEntry@@PEBU_s_FuncInfo@@H@Z 0000000140002dd8 f   libvcruntime:risctrnsctrl.obj
 0001:00001e3c       ?ExecutionInCatch@__FrameHandler3@@SA_NPEAU_xDISPATCHER_CONTEXT@@PEBU_s_FuncInfo@@@Z 0000000140002e3c f   libvcruntime:risctrnsctrl.obj
 0001:00001e68       ?FrameUnwindToEmptyState@__FrameHandler3@@SAXPEA_KPEAU_xDISPATCHER_CONTEXT@@PEBU_s_FuncInfo@@@Z 0000000140002e68 f   libvcruntime:risctrnsctrl.obj
 0001:00001ecc       ?GetEstablisherFrame@__FrameHandler3@@SAPEA_KPEA_KPEAU_xDISPATCHER_CONTEXT@@PEBU_s_FuncInfo@@0@Z 0000000140002ecc f   libvcruntime:risctrnsctrl.obj
 0001:00001f9c       ?GetRangeOfTrysToCheck@__FrameHandler3@@SA?AU?$pair@Viterator@TryBlockMap@__FrameHandler3@@V123@@std@@AEAVTryBlockMap@1@HPEAU_xDISPATCHER_CONTEXT@@PEBU_s_FuncInfo@@H@Z 0000000140002f9c f   libvcruntime:risctrnsctrl.obj
 0001:000020d0       ?UnwindNestedFrames@__FrameHandler3@@SAXPEA_KPEAUEHExceptionRecord@@PEAU_CONTEXT@@0PEAXPEBU_s_FuncInfo@@HHPEBU_s_HandlerType@@PEAU_xDISPATCHER_CONTEXT@@E@Z 00000001400030d0 f   libvcruntime:risctrnsctrl.obj
 0001:000021d4       _CreateFrameInfo           00000001400031d4 f   libvcruntime:risctrnsctrl.obj
 0001:00002210       _FindAndUnlinkFrame        0000000140003210 f   libvcruntime:risctrnsctrl.obj
 0001:00002264       _GetImageBase              0000000140003264 f   libvcruntime:risctrnsctrl.obj
 0001:00002278       _GetThrowImageBase         0000000140003278 f   libvcruntime:risctrnsctrl.obj
 0001:0000228c       _SetImageBase              000000014000328c f   libvcruntime:risctrnsctrl.obj
 0001:000022a4       _SetThrowImageBase         00000001400032a4 f   libvcruntime:risctrnsctrl.obj
 0001:000022bc       __CxxFrameHandler3         00000001400032bc f   libvcruntime:risctrnsctrl.obj
 0001:00002350       ?GetCurrentState@__FrameHandler3@@SAHPEA_KPEAU_xDISPATCHER_CONTEXT@@PEBU_s_FuncInfo@@@Z 0000000140003350 f   libvcruntime:ehstate.obj
 0001:00002378       ?GetUnwindTryBlock@__FrameHandler3@@SAHPEA_KPEAU_xDISPATCHER_CONTEXT@@PEBU_s_FuncInfo@@@Z 0000000140003378 f   libvcruntime:ehstate.obj
 0001:000023a4       ?SetState@__FrameHandler3@@SAXPEA_KPEBU_s_FuncInfo@@H@Z 00000001400033a4 f   libvcruntime:ehstate.obj
 0001:000023b0       ?SetUnwindTryBlock@__FrameHandler3@@SAXPEA_KPEAU_xDISPATCHER_CONTEXT@@PEBU_s_FuncInfo@@H@Z 00000001400033b0 f   libvcruntime:ehstate.obj
 0001:000023ec       ?StateFromControlPc@__FrameHandler3@@SAHPEBU_s_FuncInfo@@PEAU_xDISPATCHER_CONTEXT@@@Z 00000001400033ec f   libvcruntime:ehstate.obj
 0001:000023f4       ?StateFromIp@__FrameHandler3@@SAHPEBU_s_FuncInfo@@PEAU_xDISPATCHER_CONTEXT@@_K@Z 00000001400033f4 f   libvcruntime:ehstate.obj
 0001:00002f30       ??$TypeMatchHelper@V__FrameHandler3@@@@YAHPEBU_s_HandlerType@@PEBU_s_CatchableType@@PEBU_s_ThrowInfo@@@Z 0000000140003f30 f i libvcruntime:frame.obj
 0001:00003070       ??$__InternalCxxFrameHandler@V__FrameHandler3@@@@YA?AW4_EXCEPTION_DISPOSITION@@PEAUEHExceptionRecord@@PEA_KPEAU_CONTEXT@@PEAU_xDISPATCHER_CONTEXT@@PEBU_s_FuncInfo@@H1E@Z 0000000140004070 f i libvcruntime:frame.obj
 0001:000032a8       ??$__InternalCxxFrameHandlerWrapper@V__FrameHandler3@@@@YA?AW4_EXCEPTION_DISPOSITION@@PEAUEHExceptionRecord@@PEA_KPEAU_CONTEXT@@PEAU_xDISPATCHER_CONTEXT@@PEBU_s_FuncInfo@@H1E@Z 00000001400042a8 f i libvcruntime:frame.obj
 0001:000032b0       ??0bad_exception@std@@QEAA@AEBV01@@Z 00000001400042b0 f i libvcruntime:frame.obj
 0001:000032ec       ??0bad_exception@std@@QEAA@XZ 00000001400042ec f i libvcruntime:frame.obj
 0001:0000330c       ??0exception@std@@QEAA@AEBV01@@Z 000000014000430c f i libvcruntime:frame.obj
 0001:00003340       ??1bad_exception@std@@UEAA@XZ 0000000140004340 f i libvcruntime:frame.obj
 0001:00003354       ??_Ebad_exception@std@@UEAAPEAXI@Z 0000000140004354 f i libvcruntime:frame.obj
 0001:00003354       ??_Eexception@std@@UEAAPEAXI@Z 0000000140004354 f i libvcruntime:frame.obj
 0001:00003354       ??_Gbad_exception@std@@UEAAPEAXI@Z 0000000140004354 f i libvcruntime:frame.obj
 0001:00003354       ??_Gexception@std@@UEAAPEAXI@Z 0000000140004354 f i libvcruntime:frame.obj
 0001:00003398       ?CxxCallCatchBlock@__FrameHandler3@@SAPEAXPEAU_EXCEPTION_RECORD@@@Z 0000000140004398 f   libvcruntime:frame.obj
 0001:00003608       ?FrameUnwindToState@__FrameHandler3@@SAXPEA_KPEAU_xDISPATCHER_CONTEXT@@PEBU_s_FuncInfo@@H@Z 0000000140004608 f   libvcruntime:frame.obj
 0001:00003794       ?GetHandlerSearchState@__FrameHandler3@@SAHPEA_KPEAU_xDISPATCHER_CONTEXT@@PEBU_s_FuncInfo@@@Z 0000000140004794 f i libvcruntime:frame.obj
 0001:000039a4       ?_CallMemberFunction1@@YAXQEAX00@Z 00000001400049a4 f i libvcruntime:frame.obj
 0001:000039b0       ?_CallMemberFunction2@@YAXQEAX00H@Z 00000001400049b0 f i libvcruntime:frame.obj
 0001:000039c0       ?what@exception@std@@UEBAPEBDXZ 00000001400049c0 f i libvcruntime:frame.obj
 0001:00003a20       _CallSettingFrame          0000000140004a20 f   libvcruntime:handlers.obj
 0001:00003a60       __std_exception_copy       0000000140004a60 f   libvcruntime:std_exception.obj
 0001:00003af0       __std_exception_destroy    0000000140004af0 f   libvcruntime:std_exception.obj
 0001:00003b18       _CxxThrowException         0000000140004b18 f   libvcruntime:throw.obj
 0001:00003bd0       memcpy_avx_ermsb_Intel     0000000140004bd0 f   libvcruntime:memcpy_avx_ermsb_aligned.obj
 0001:00004000       memcpy_avx_ermsb_amd       0000000140005000 f   libvcruntime:memcpy_avx_ermsb_aligned_amd.obj
 0001:00004430       memcpy_sse2_ermsb_Intel    0000000140005430 f   libvcruntime:memcpy_sse2_ermsb_aligned.obj
 0001:000046e0       memcpy_sse2_ermsb_amd      00000001400056e0 f   libvcruntime:memcpy_sse2_ermsb_aligned_amd.obj
 0001:00004990       memcpy_repmovs_Intel       0000000140005990 f   libvcruntime:memcpy_repmovs.obj
 0001:000049b0       memcpy_CopyDown_Intel      00000001400059b0 f   libvcruntime:memcpy_CopyDown.obj
 0001:00004aa0       memcpy_repmovs_amd         0000000140005aa0 f   libvcruntime:memcpy_repmovs_amd.obj
 0001:00004ac0       memcpy_CopyDown_amd        0000000140005ac0 f   libvcruntime:memcpy_CopyDown_amd.obj
 0001:00004ba0       _seh_filter_exe            0000000140005ba0 f   libucrt:exception_filter.obj
 0001:00004d24       _query_app_type            0000000140005d24 f   libucrt:report_runtime_error.obj
 0001:00004d2c       _set_app_type              0000000140005d2c f   libucrt:report_runtime_error.obj
 0001:00004d34       __acrt_has_user_matherr    0000000140005d34 f   libucrt:matherr.obj
 0001:00004d54       __acrt_initialize_user_matherr 0000000140005d54 f   libucrt:matherr.obj
 0001:00004d5c       __acrt_invoke_user_matherr 0000000140005d5c f   libucrt:matherr.obj
 0001:00004d94       __setusermatherr           0000000140005d94 f   libucrt:matherr.obj
 0001:00004f7c       __acrt_allocate_buffer_for_argv 0000000140005f7c f   libucrt:argv_parsing.obj
 0001:00004fdc       _configure_narrow_argv     0000000140005fdc f   libucrt:argv_parsing.obj
 0001:00005364       __dcrt_uninitialize_environments_nolock 0000000140006364 f   libucrt:environment_initialization.obj
 0001:000053a8       _initialize_narrow_environment 00000001400063a8 f   libucrt:environment_initialization.obj
 0001:000053b0       _get_narrow_winmain_command_line 00000001400063b0 f   libucrt:argv_winmain.obj
 0001:00005420       _initterm                  0000000140006420 f   libucrt:initterm.obj
 0001:00005464       _initterm_e                0000000140006464 f   libucrt:initterm.obj
 0001:0000574c       __acrt_initialize_thread_local_exit_callback 000000014000674c f   libucrt:exit.obj
 0001:00005754       _c_exit                    0000000140006754 f   libucrt:exit.obj
 0001:00005764       _cexit                     0000000140006764 f   libucrt:exit.obj
 0001:00005774       _exit                      0000000140006774 f   libucrt:exit.obj
 0001:00005780       _register_thread_local_exe_atexit_callback 0000000140006780 f   libucrt:exit.obj
 0001:000057c0       exit                       00000001400067c0 f   libucrt:exit.obj
 0001:000057cc       _set_fmode                 00000001400067cc f   libucrt:setmode.obj
 0001:0000587c       __acrt_set_locale_changed  000000014000687c f   libucrt:wsetlocale.obj
 0001:00005888       __acrt_uninitialize_locale 0000000140006888 f   libucrt:wsetlocale.obj
 0001:000058b8       _configthreadlocale        00000001400068b8 f   libucrt:wsetlocale.obj
 0001:00005924       _query_new_mode            0000000140006924 f   libucrt:new_mode.obj
 0001:0000592c       _set_new_mode              000000014000692c f   libucrt:new_mode.obj
 0001:00005958       __p__commode               0000000140006958 f   libucrt:ncommode.obj
 0001:00005ca8       _crt_atexit                0000000140006ca8 f   libucrt:onexit.obj
 0001:00005cb8       _execute_onexit_table      0000000140006cb8 f   libucrt:onexit.obj
 0001:00005cfc       _initialize_onexit_table   0000000140006cfc f   libucrt:onexit.obj
 0001:00005d24       _register_onexit_function  0000000140006d24 f   libucrt:onexit.obj
 0001:00005e98       __acrt_initialize          0000000140006e98 f   libucrt:initialization.obj
 0001:00005eac       __acrt_uninitialize        0000000140006eac f   libucrt:initialization.obj
 0001:00005ee4       terminate                  0000000140006ee4 f   libucrt:terminate.obj
 0001:00005f10       free                       0000000140006f10 f   libucrt:free.obj
 0001:00005f24       malloc                     0000000140006f24 f   libucrt:malloc.obj
 0001:00005f2c       strcpy_s                   0000000140006f2c f   libucrt:strcpy_s.obj
 0001:00005f8c       abort                      0000000140006f8c f   libucrt:abort.obj
 0001:00005fe4       calloc                     0000000140006fe4 f   libucrt:calloc.obj
 0001:00005ff0       ?get_raw_ptd@__crt_cached_ptd_host@@QEAAPEAU__acrt_ptd@@XZ 0000000140006ff0 f i libucrt:output.obj
 0001:00006060       ?update_locale_slow@__crt_cached_ptd_host@@AEAAXXZ 0000000140007060 f i libucrt:output.obj
 0001:000060f0       strncmp                    00000001400070f0 f   libucrt:strncmp.obj
 0001:00006170       wcsncmp                    0000000140007170 f   libucrt:wcsncmp.obj
 0001:00006514       __acrt_getptd              0000000140007514 f   libucrt:per_thread_data.obj
 0001:000065e8       __acrt_getptd_head         00000001400075e8 f   libucrt:per_thread_data.obj
 0001:0000668c       __acrt_getptd_noexit       000000014000768c f   libucrt:per_thread_data.obj
 0001:00006754       __acrt_getptd_noexit_explicit 0000000140007754 f   libucrt:per_thread_data.obj
 0001:00006814       __acrt_initialize_ptd      0000000140007814 f   libucrt:per_thread_data.obj
 0001:00006850       __acrt_uninitialize_ptd    0000000140007850 f   libucrt:per_thread_data.obj
 0001:00006874       ?get_raw_ptd_noexit@__crt_cached_ptd_host@@QEAAPEAU__acrt_ptd@@XZ 0000000140007874 f i libucrt:invalid_parameter.obj
 0001:000068e0       ?value@?$dual_state_global@P6AXPEB_W00I_K@Z@__crt_state_management@@QEAAAEAP6AXPEB_W00I_K@ZAEAV__crt_cached_ptd_host@@@Z 00000001400078e0 f i libucrt:invalid_parameter.obj
 0001:0000692c       __acrt_call_reportfault    000000014000792c f   libucrt:invalid_parameter.obj
 0001:00006a88       __acrt_initialize_invalid_parameter_handler 0000000140007a88 f   libucrt:invalid_parameter.obj
 0001:00006a90       _invalid_parameter         0000000140007a90 f   libucrt:invalid_parameter.obj
 0001:00006b2c       _invalid_parameter_internal 0000000140007b2c f   libucrt:invalid_parameter.obj
 0001:00006bfc       _invalid_parameter_noinfo  0000000140007bfc f   libucrt:invalid_parameter.obj
 0001:00006c1c       _invoke_watson             0000000140007c1c f   libucrt:invalid_parameter.obj
 0001:00006c64       __acrt_errno_from_os_error 0000000140007c64 f   libucrt:errno.obj
 0001:00006cac       __acrt_errno_map_os_error  0000000140007cac f   libucrt:errno.obj
 0001:00006cf4       __acrt_errno_map_os_error_ptd 0000000140007cf4 f   libucrt:errno.obj
 0001:00006d18       __doserrno                 0000000140007d18 f   libucrt:errno.obj
 0001:00006d38       _errno                     0000000140007d38 f   libucrt:errno.obj
 0001:00006d58       _calloc_base               0000000140007d58 f   libucrt:calloc_base.obj
 0001:00006dd0       _free_base                 0000000140007dd0 f   libucrt:free_base.obj
 0001:00006e20       ??$__acrt_convert_wcs_mbs_cp@D_WV<lambda_7c9dea7b4ca7285d2cdb541a38da6275>@@U__crt_win32_buffer_internal_dynamic_resizing@@@@YAHQEBDAEAV?$__crt_win32_buffer@_WU__crt_win32_buffer_internal_dynamic_resizing@@@@AEBV<lambda_7c9dea7b4ca7285d2cdb541a38da6275>@@I@Z 0000000140007e20 f i libucrt:argv_wildcards.obj
 0001:00006f9c       ??$__acrt_convert_wcs_mbs_cp@_WDV<lambda_d8593a27d1aa8c02be35c86a17d324c4>@@U__crt_win32_buffer_internal_dynamic_resizing@@@@YAHQEB_WAEAV?$__crt_win32_buffer@DU__crt_win32_buffer_internal_dynamic_resizing@@@@AEBV<lambda_d8593a27d1aa8c02be35c86a17d324c4>@@I@Z 0000000140007f9c f i libucrt:argv_wildcards.obj
 0001:00007844       ??0_LocaleUpdate@@QEAA@QEAU__crt_locale_pointers@@@Z 0000000140008844 f i libucrt:argv_wildcards.obj
 0001:000078e0       __acrt_expand_narrow_argv_wildcards 00000001400088e0 f   libucrt:argv_wildcards.obj
 0001:000078e8       ??$__acrt_convert_wcs_mbs_cp@_WDV<lambda_f788ae46380686e8b737efdd8c720d07>@@U__crt_win32_buffer_no_resizing@@@@YAHQEB_WAEAV?$__crt_win32_buffer@DU__crt_win32_buffer_no_resizing@@@@AEBV<lambda_f788ae46380686e8b737efdd8c720d07>@@I@Z 00000001400088e8 f i libucrt:getmodulefilenamea.obj
 0001:00007a04       __acrt_GetModuleFileNameA  0000000140008a04 f   libucrt:getmodulefilenamea.obj
 0001:00008320       __acrt_initialize_multibyte 0000000140009320 f   libucrt:mbctype.obj
 0001:00008380       __acrt_update_thread_multibyte_data 0000000140009380 f   libucrt:mbctype.obj
 0001:0000839c       _setmbcp_nolock            000000014000939c f   libucrt:mbctype.obj
 0001:000086d0       _ismbblead                 00000001400096d0 f   libucrt:ismbbyte.obj
 0001:000086e4       __acrt_initialize_command_line 00000001400096e4 f   libucrt:argv_data.obj
 0001:0000870c       __acrt_MultiByteToWideChar 000000014000970c f   libucrt:multibytetowidechar.obj
 0001:00008768       __acrt_WideCharToMultiByte 0000000140009768 f   libucrt:widechartomultibyte.obj
 0001:00008818       __dcrt_get_narrow_environment_from_os 0000000140009818 f   libucrt:get_environment_from_os.obj
 0001:00008928       __acrt_initialize_locks    0000000140009928 f   libucrt:locks.obj
 0001:00008970       __acrt_lock                0000000140009970 f   libucrt:locks.obj
 0001:0000898c       __acrt_uninitialize_locks  000000014000998c f   libucrt:locks.obj
 0001:000089c4       __acrt_unlock              00000001400099c4 f   libucrt:locks.obj
 0001:000089e0       __acrt_get_process_end_policy 00000001400099e0 f   libucrt:win_policies.obj
 0001:00008a1c       __acrt_lowio_create_handle_array 0000000140009a1c f   libucrt:osfinfo.obj
 0001:00008ac4       __acrt_lowio_destroy_handle_array 0000000140009ac4 f   libucrt:osfinfo.obj
 0001:00008b14       __acrt_lowio_ensure_fh_exists 0000000140009b14 f   libucrt:osfinfo.obj
 0001:00008bbc       __acrt_lowio_lock_fh       0000000140009bbc f   libucrt:osfinfo.obj
 0001:00008be4       __acrt_lowio_unlock_fh     0000000140009be4 f   libucrt:osfinfo.obj
 0001:00008c0c       _free_osfhnd               0000000140009c0c f   libucrt:osfinfo.obj
 0001:00008cc8       _get_osfhandle             0000000140009cc8 f   libucrt:osfinfo.obj
 0001:00008d40       __acrt_initialize_fmode    0000000140009d40 f   libucrt:txtmode.obj
 0001:00008f54       __acrt_initialize_lowio    0000000140009f54 f   libucrt:ioinit.obj
 0001:00008f90       __acrt_uninitialize_lowio  0000000140009f90 f   libucrt:ioinit.obj
 0001:00008fd0       __acrt_locale_free_monetary 0000000140009fd0 f   libucrt:initmon.obj
 0001:000090dc       __acrt_locale_free_numeric 000000014000a0dc f   libucrt:initnum.obj
 0001:0000917c       __acrt_locale_free_time    000000014000a17c f   libucrt:inittime.obj
 0001:00009284       _malloc_base               000000014000a284 f   libucrt:malloc_base.obj
 0001:000092e4       __acrt_GetStringTypeA      000000014000a2e4 f   libucrt:getstringtypea.obj
 0001:00009480       __acrt_add_locale_ref      000000014000a480 f   libucrt:locale_refcounting.obj
 0001:0000950c       __acrt_free_locale         000000014000a50c f   libucrt:locale_refcounting.obj
 0001:00009684       __acrt_locale_add_lc_time_reference 000000014000a684 f   libucrt:locale_refcounting.obj
 0001:000096ac       __acrt_locale_free_lc_time_if_unreferenced 000000014000a6ac f   libucrt:locale_refcounting.obj
 0001:000096e4       __acrt_locale_release_lc_time_reference 000000014000a6e4 f   libucrt:locale_refcounting.obj
 0001:0000970c       __acrt_release_locale_ref  000000014000a70c f   libucrt:locale_refcounting.obj
 0001:000097b4       __acrt_update_thread_locale_data 000000014000a7b4 f   libucrt:locale_refcounting.obj
 0001:00009824       _updatetlocinfoEx_nolock   000000014000a824 f   libucrt:locale_refcounting.obj
 0001:00009a4c       __acrt_AppPolicyGetProcessTerminationMethodInternal 000000014000aa4c f   libucrt:winapi_thunks.obj
 0001:00009aa4       __acrt_AreFileApisANSI     000000014000aaa4 f   libucrt:winapi_thunks.obj
 0001:00009ae8       __acrt_FlsAlloc            000000014000aae8 f   libucrt:winapi_thunks.obj
 0001:00009af0       __acrt_FlsFree             000000014000aaf0 f   libucrt:winapi_thunks.obj
 0001:00009af8       __acrt_FlsGetValue         000000014000aaf8 f   libucrt:winapi_thunks.obj
 0001:00009b00       __acrt_FlsSetValue         000000014000ab00 f   libucrt:winapi_thunks.obj
 0001:00009b08       __acrt_InitializeCriticalSectionEx 000000014000ab08 f   libucrt:winapi_thunks.obj
 0001:00009b78       __acrt_LCMapStringEx       000000014000ab78 f   libucrt:winapi_thunks.obj
 0001:00009c64       __acrt_LocaleNameToLCID    000000014000ac64 f   libucrt:winapi_thunks.obj
 0001:00009cc4       __acrt_initialize_winapi_thunks 000000014000acc4 f   libucrt:winapi_thunks.obj
 0001:00009ce8       __acrt_uninitialize_winapi_thunks 000000014000ace8 f   libucrt:winapi_thunks.obj
 0001:00009d2c       _recalloc_base             000000014000ad2c f   libucrt:recalloc.obj
 0001:00009dc4       __acrt_initialize_heap     000000014000adc4 f   libucrt:heap_handle.obj
 0001:00009de0       __acrt_uninitialize_heap   000000014000ade0 f   libucrt:heap_handle.obj
 0001:00009dec       __acrt_execute_initializers 000000014000adec f   libucrt:shared_initialization.obj
 0001:00009e80       __acrt_execute_uninitializers 000000014000ae80 f   libucrt:shared_initialization.obj
 0001:00009ec8       __acrt_initialize_new_handler 000000014000aec8 f   libucrt:new_handler.obj
 0001:00009ed0       _callnewh                  000000014000aed0 f   libucrt:new_handler.obj
 0001:00009f0c       _query_new_handler         000000014000af0c f   libucrt:new_handler.obj
 0001:00009f88       __acrt_get_sigabrt_handler 000000014000af88 f   libucrt:signal.obj
 0001:00009fb8       __acrt_initialize_signal_handlers 000000014000afb8 f   libucrt:signal.obj
 0001:00009fd8       raise                      000000014000afd8 f   libucrt:signal.obj
 0001:0000a434       __acrt_stdio_flush_nolock  000000014000b434 f   libucrt:fflush.obj
 0001:0000a4c0       _fflush_nolock             000000014000b4c0 f   libucrt:fflush.obj
 0001:0000a594       _flushall                  000000014000b594 f   libucrt:fflush.obj
 0001:0000a59c       __acrt_initialize_stdio    000000014000b59c f   libucrt:_file.obj
 0001:0000a6bc       __acrt_uninitialize_stdio  000000014000b6bc f   libucrt:_file.obj
 0001:0000a718       _lock_file                 000000014000b718 f   libucrt:_file.obj
 0001:0000a724       _unlock_file               000000014000b724 f   libucrt:_file.obj
 0001:0000a730       __acrt_update_locale_info  000000014000b730 f   libucrt:locale_update.obj
 0001:0000a764       __acrt_update_locale_info_explicit 000000014000b764 f   libucrt:locale_update.obj
 0001:0000a79c       __acrt_update_multibyte_info 000000014000b79c f   libucrt:locale_update.obj
 0001:0000a7d0       __acrt_update_multibyte_info_explicit 000000014000b7d0 f   libucrt:locale_update.obj
 0001:0000a808       _mbtowc_internal           000000014000b808 f   libucrt:mbtowc.obj
 0001:0000a980       _fileno                    000000014000b980 f   libucrt:fileno.obj
 0001:0000a9b0       qsort                      000000014000b9b0 f   libucrt:qsort.obj
 0001:0000adc0       strncpy_s                  000000014000bdc0 f   libucrt:strncpy_s.obj
 0001:0000af50       strpbrk                    000000014000bf50 f   libucrt:strpbrk.obj
 0001:0000b318       _mbsdec                    000000014000c318 f   libucrt:mbsdec.obj
 0001:0000b320       _mbsdec_l                  000000014000c320 f   libucrt:mbsdec.obj
 0001:0000b6d4       __acrt_LCMapStringA        000000014000c6d4 f   libucrt:lcmapstringa.obj
 0001:0000b784       __ascii_wcsnicmp           000000014000c784 f   libucrt:wcsnicmp.obj
 0001:0000b7d0       __acrt_DownlevelLocaleNameToLCID 000000014000c7d0 f   libucrt:lcidtoname_downlevel.obj
 0001:0000b878       _msize_base                000000014000c878 f   libucrt:msize.obj
 0001:0000b8b4       _realloc_base              000000014000c8b4 f   libucrt:realloc_base.obj
 0001:0000b9bc       _commit                    000000014000c9bc f   libucrt:commit.obj
 0001:0000c26c       _write_internal            000000014000d26c f   libucrt:write.obj
 0001:0000c394       _write_nolock              000000014000d394 f   libucrt:write.obj
 0001:0000c6a4       _fcloseall                 000000014000d6a4 f   libucrt:closeall.obj
 0001:0000c758       __acrt_stdio_free_buffer_nolock 000000014000d758 f   libucrt:_freebuf.obj
 0001:0000c798       _isatty                    000000014000d798 f   libucrt:isatty.obj
 0001:0000c7f8       ?__mbrtowc_utf8@__crt_mbstring@@YA_KPEA_WPEBD_KPEAU_Mbstatet@@AEAV__crt_cached_ptd_host@@@Z 000000014000d7f8 f   libucrt:mbrtowc.obj
 0001:0000c83c       ?__mbsrtowcs_utf8@__crt_mbstring@@YA_KPEA_WPEAPEBD_KPEAU_Mbstatet@@AEAV__crt_cached_ptd_host@@@Z 000000014000d83c f   libucrt:mbrtowc.obj
 0001:0000c9e0       __strncnt                  000000014000d9e0 f   libucrt:strncnt.obj
 0001:0000caa4       _lseeki64_nolock_internal  000000014000daa4 f   libucrt:lseek.obj
 0001:0000caac       _putwch_nolock             000000014000daac f   libucrt:putwch.obj
 0001:0000cc08       fclose                     000000014000dc08 f   libucrt:fclose.obj
 0001:0000cca0       log10                      000000014000dca0 f   libucrt:log10.obj
 0001:0000d24c       ?reset_and_return@__crt_mbstring@@YA_K_KPEAU_Mbstatet@@@Z 000000014000e24c f   libucrt:common_utf8.obj
 0001:0000d254       ?return_illegal_sequence@__crt_mbstring@@YA_KPEAU_Mbstatet@@AEAV__crt_cached_ptd_host@@@Z 000000014000e254 f   libucrt:common_utf8.obj
 0001:0000d268       ?__mbrtoc32_utf8@__crt_mbstring@@YA_KPEA_UPEBD_KPEAU_Mbstatet@@AEAV__crt_cached_ptd_host@@@Z 000000014000e268 f   libucrt:mbrtoc32.obj
 0001:0000d444       __dcrt_lowio_ensure_console_output_initialized 000000014000e444 f   libucrt:initcon.obj
 0001:0000d498       __dcrt_terminate_console_output 000000014000e498 f   libucrt:initcon.obj
 0001:0000d4b4       __dcrt_write_console       000000014000e4b4 f   libucrt:initcon.obj
 0001:0000d5ec       _close_internal            000000014000e5ec f   libucrt:close.obj
 0001:0000d6b0       _close_nolock_internal     000000014000e6b0 f   libucrt:close.obj
 0001:0000d780       ?__acrt_stdio_free_stream@@YAXV__crt_stdio_stream@@@Z 000000014000e780 f   libucrt:stream.obj
 0001:0000d8c0       _handle_error              000000014000e8c0 f   libucrt:libm_error.obj
 0001:0000d9f0       __acrt_initialize_fma3     000000014000e9f0 f   libucrt:fma3_available.obj
 0001:0000da60       _log10_special             000000014000ea60 f   libucrt:log_special.obj
 0001:0000db30       _get_fpsr                  000000014000eb30 f   libucrt:fpsr.obj
 0001:0000db40       _set_fpsr                  000000014000eb40 f   libucrt:fpsr.obj
 0001:0000db4a       _fclrf                     000000014000eb4a f   libucrt:fpsr.obj
 0001:0000db5e       _frnd                      000000014000eb5e f   libucrt:fpsr.obj
 0001:0000db80       _raise_exc                 000000014000eb80 f   libucrt:fpexcept.obj
 0001:0000dba8       _raise_exc_ex              000000014000eba8 f   libucrt:fpexcept.obj
 0001:0000deb8       _set_errno_from_matherr    000000014000eeb8 f   libucrt:fpexcept.obj
 0001:0000dee8       _clrfp                     000000014000eee8 f   libucrt:fpctrl.obj
 0001:0000df08       _ctrlfp                    000000014000ef08 f   libucrt:fpctrl.obj
 0001:0000df84       _set_statfp                000000014000ef84 f   libucrt:fpctrl.obj
 0001:0000dfa4       _statfp                    000000014000efa4 f   libucrt:fpctrl.obj
 0001:0000dfc0       _FindPESection             000000014000efc0 f   LIBCMT:pesect.obj
 0001:0000e010       _IsNonwritableInCurrentImage 000000014000f010 f   LIBCMT:pesect.obj
 0001:0000e060       _ValidateImageBase         000000014000f060 f   LIBCMT:pesect.obj
 0001:0000e08c       ??_Etype_info@@UEAAPEAXI@Z 000000014000f08c f i LIBCMT:std_type_info_static.obj
 0001:0000e08c       ??_Gtype_info@@UEAAPEAXI@Z 000000014000f08c f i LIBCMT:std_type_info_static.obj
 0001:0000e0b8       ??3@YAXPEAX_K@Z            000000014000f0b8 f   LIBCMT:delete_scalar_size.obj
 0001:0000e0d0       __chkstk                   000000014000f0d0 f   LIBCMT:chkstk.obj
 0001:0000e0d0       _alloca_probe              000000014000f0d0 f   LIBCMT:chkstk.obj
 0001:0000e120       __GSHandlerCheck_EH        000000014000f120 f   LIBCMT:gshandlereh.obj
 0001:0000e1a0       ??3@YAXPEAX@Z              000000014000f1a0 f   LIBCMT:delete_scalar.obj
 0001:0000e1b0       __C_specific_handler_noexcept 000000014000f1b0 f   libvcruntime:chandler_noexcept.obj
 0001:0000e210       _guard_dispatch_icall_nop  000000014000f210 f   LIBCMT:guard_dispatch.obj
 0001:0000e230       _guard_xfg_dispatch_icall_nop 000000014000f230 f   LIBCMT:guard_xfg_dispatch.obj
 0001:0000e260       memset_repstos             000000014000f260 f   libvcruntime:memset.obj
 0001:0000e270       memset                     000000014000f270 f   libvcruntime:memset.obj
 0001:0000e620       memcpy_repmovs             000000014000f620 f   libvcruntime:memcpy.obj
 0001:0000e630       memcpy                     000000014000f630 f   libvcruntime:memcpy.obj
 0001:0000e630       memcpy_$fo_default$        000000014000f630     libvcruntime:memcpy.obj
 0001:0000e630       memmove                    000000014000f630 f   libvcruntime:memcpy.obj
 0002:00000000       __imp_SetPixelFormat       0000000140011000     gdi32:GDI32.dll
 0002:00000008       __imp_ChoosePixelFormat    0000000140011008     gdi32:GDI32.dll
 0002:00000010       __imp_SwapBuffers          0000000140011010     gdi32:GDI32.dll
 0002:00000018       \177GDI32_NULL_THUNK_DATA  0000000140011018     gdi32:GDI32.dll
 0002:00000020       __imp_SetFilePointerEx     0000000140011020     kernel32:KERNEL32.dll
 0002:00000028       __imp_CreateFileW          0000000140011028     kernel32:KERNEL32.dll
 0002:00000030       __imp_GetConsoleOutputCP   0000000140011030     kernel32:KERNEL32.dll
 0002:00000038       __imp_FlushFileBuffers     0000000140011038     kernel32:KERNEL32.dll
 0002:00000040       __imp_HeapReAlloc          0000000140011040     kernel32:KERNEL32.dll
 0002:00000048       __imp_HeapSize             0000000140011048     kernel32:KERNEL32.dll
 0002:00000050       __imp_CloseHandle          0000000140011050     kernel32:KERNEL32.dll
 0002:00000058       __imp_WriteConsoleW        0000000140011058     kernel32:KERNEL32.dll
 0002:00000060       __imp_GetConsoleMode       0000000140011060     kernel32:KERNEL32.dll
 0002:00000068       __imp_LoadLibraryExW       0000000140011068     kernel32:KERNEL32.dll
 0002:00000070       __imp_GetProcessHeap       0000000140011070     kernel32:KERNEL32.dll
 0002:00000078       __imp_LCMapStringW         0000000140011078     kernel32:KERNEL32.dll
 0002:00000080       __imp_FlsFree              0000000140011080     kernel32:KERNEL32.dll
 0002:00000088       __imp_FlsSetValue          0000000140011088     kernel32:KERNEL32.dll
 0002:00000090       __imp_RtlCaptureContext    0000000140011090     kernel32:KERNEL32.dll
 0002:00000098       __imp_RtlLookupFunctionEntry 0000000140011098     kernel32:KERNEL32.dll
 0002:000000a0       __imp_RtlVirtualUnwind     00000001400110a0     kernel32:KERNEL32.dll
 0002:000000a8       __imp_UnhandledExceptionFilter 00000001400110a8     kernel32:KERNEL32.dll
 0002:000000b0       __imp_SetUnhandledExceptionFilter 00000001400110b0     kernel32:KERNEL32.dll
 0002:000000b8       __imp_GetCurrentProcess    00000001400110b8     kernel32:KERNEL32.dll
 0002:000000c0       __imp_TerminateProcess     00000001400110c0     kernel32:KERNEL32.dll
 0002:000000c8       __imp_IsProcessorFeaturePresent 00000001400110c8     kernel32:KERNEL32.dll
 0002:000000d0       __imp_QueryPerformanceCounter 00000001400110d0     kernel32:KERNEL32.dll
 0002:000000d8       __imp_GetCurrentProcessId  00000001400110d8     kernel32:KERNEL32.dll
 0002:000000e0       __imp_GetCurrentThreadId   00000001400110e0     kernel32:KERNEL32.dll
 0002:000000e8       __imp_GetSystemTimeAsFileTime 00000001400110e8     kernel32:KERNEL32.dll
 0002:000000f0       __imp_InitializeSListHead  00000001400110f0     kernel32:KERNEL32.dll
 0002:000000f8       __imp_IsDebuggerPresent    00000001400110f8     kernel32:KERNEL32.dll
 0002:00000100       __imp_GetStartupInfoW      0000000140011100     kernel32:KERNEL32.dll
 0002:00000108       __imp_GetModuleHandleW     0000000140011108     kernel32:KERNEL32.dll
 0002:00000110       __imp_FlsGetValue          0000000140011110     kernel32:KERNEL32.dll
 0002:00000118       __imp_RtlUnwindEx          0000000140011118     kernel32:KERNEL32.dll
 0002:00000120       __imp_GetLastError         0000000140011120     kernel32:KERNEL32.dll
 0002:00000128       __imp_SetLastError         0000000140011128     kernel32:KERNEL32.dll
 0002:00000130       __imp_EnterCriticalSection 0000000140011130     kernel32:KERNEL32.dll
 0002:00000138       __imp_LeaveCriticalSection 0000000140011138     kernel32:KERNEL32.dll
 0002:00000140       __imp_DeleteCriticalSection 0000000140011140     kernel32:KERNEL32.dll
 0002:00000148       __imp_InitializeCriticalSectionAndSpinCount 0000000140011148     kernel32:KERNEL32.dll
 0002:00000150       __imp_TlsAlloc             0000000140011150     kernel32:KERNEL32.dll
 0002:00000158       __imp_TlsGetValue          0000000140011158     kernel32:KERNEL32.dll
 0002:00000160       __imp_TlsSetValue          0000000140011160     kernel32:KERNEL32.dll
 0002:00000168       __imp_TlsFree              0000000140011168     kernel32:KERNEL32.dll
 0002:00000170       __imp_FreeLibrary          0000000140011170     kernel32:KERNEL32.dll
 0002:00000178       __imp_GetProcAddress       0000000140011178     kernel32:KERNEL32.dll
 0002:00000180       __imp_EncodePointer        0000000140011180     kernel32:KERNEL32.dll
 0002:00000188       __imp_RaiseException       0000000140011188     kernel32:KERNEL32.dll
 0002:00000190       __imp_RtlPcToFileHeader    0000000140011190     kernel32:KERNEL32.dll
 0002:00000198       __imp_GetStdHandle         0000000140011198     kernel32:KERNEL32.dll
 0002:000001a0       __imp_WriteFile            00000001400111a0     kernel32:KERNEL32.dll
 0002:000001a8       __imp_GetModuleFileNameW   00000001400111a8     kernel32:KERNEL32.dll
 0002:000001b0       __imp_ExitProcess          00000001400111b0     kernel32:KERNEL32.dll
 0002:000001b8       __imp_GetModuleHandleExW   00000001400111b8     kernel32:KERNEL32.dll
 0002:000001c0       __imp_HeapAlloc            00000001400111c0     kernel32:KERNEL32.dll
 0002:000001c8       __imp_HeapFree             00000001400111c8     kernel32:KERNEL32.dll
 0002:000001d0       __imp_FindClose            00000001400111d0     kernel32:KERNEL32.dll
 0002:000001d8       __imp_FindFirstFileExW     00000001400111d8     kernel32:KERNEL32.dll
 0002:000001e0       __imp_FindNextFileW        00000001400111e0     kernel32:KERNEL32.dll
 0002:000001e8       __imp_IsValidCodePage      00000001400111e8     kernel32:KERNEL32.dll
 0002:000001f0       __imp_GetACP               00000001400111f0     kernel32:KERNEL32.dll
 0002:000001f8       __imp_GetOEMCP             00000001400111f8     kernel32:KERNEL32.dll
 0002:00000200       __imp_GetCPInfo            0000000140011200     kernel32:KERNEL32.dll
 0002:00000208       __imp_GetCommandLineA      0000000140011208     kernel32:KERNEL32.dll
 0002:00000210       __imp_GetCommandLineW      0000000140011210     kernel32:KERNEL32.dll
 0002:00000218       __imp_MultiByteToWideChar  0000000140011218     kernel32:KERNEL32.dll
 0002:00000220       __imp_WideCharToMultiByte  0000000140011220     kernel32:KERNEL32.dll
 0002:00000228       __imp_GetEnvironmentStringsW 0000000140011228     kernel32:KERNEL32.dll
 0002:00000230       __imp_FreeEnvironmentStringsW 0000000140011230     kernel32:KERNEL32.dll
 0002:00000238       __imp_SetStdHandle         0000000140011238     kernel32:KERNEL32.dll
 0002:00000240       __imp_GetFileType          0000000140011240     kernel32:KERNEL32.dll
 0002:00000248       __imp_GetStringTypeW       0000000140011248     kernel32:KERNEL32.dll
 0002:00000250       __imp_FlsAlloc             0000000140011250     kernel32:KERNEL32.dll
 0002:00000258       \177KERNEL32_NULL_THUNK_DATA 0000000140011258     kernel32:KERNEL32.dll
 0002:00000260       __imp_glClearColor         0000000140011260     opengl32:OPENGL32.dll
 0002:00000268       __imp_glClear              0000000140011268     opengl32:OPENGL32.dll
 0002:00000270       __imp_wglMakeCurrent       0000000140011270     opengl32:OPENGL32.dll
 0002:00000278       __imp_wglGetProcAddress    0000000140011278     opengl32:OPENGL32.dll
 0002:00000280       __imp_wglDeleteContext     0000000140011280     opengl32:OPENGL32.dll
 0002:00000288       __imp_wglCreateContext     0000000140011288     opengl32:OPENGL32.dll
 0002:00000290       \177OPENGL32_NULL_THUNK_DATA 0000000140011290     opengl32:OPENGL32.dll
 0002:00000298       __imp_DispatchMessageA     0000000140011298     user32:USER32.dll
 0002:000002a0       __imp_MessageBoxA          00000001400112a0     user32:USER32.dll
 0002:000002a8       __imp_GetDC                00000001400112a8     user32:USER32.dll
 0002:000002b0       __imp_UpdateWindow         00000001400112b0     user32:USER32.dll
 0002:000002b8       __imp_GetSystemMetrics     00000001400112b8     user32:USER32.dll
 0002:000002c0       __imp_ShowWindow           00000001400112c0     user32:USER32.dll
 0002:000002c8       __imp_DestroyWindow        00000001400112c8     user32:USER32.dll
 0002:000002d0       __imp_CreateWindowExA      00000001400112d0     user32:USER32.dll
 0002:000002d8       __imp_RegisterClassExA     00000001400112d8     user32:USER32.dll
 0002:000002e0       __imp_PostQuitMessage      00000001400112e0     user32:USER32.dll
 0002:000002e8       __imp_DefWindowProcA       00000001400112e8     user32:USER32.dll
 0002:000002f0       __imp_PeekMessageA         00000001400112f0     user32:USER32.dll
 0002:000002f8       __imp_TranslateMessage     00000001400112f8     user32:USER32.dll
 0002:00000300       \177USER32_NULL_THUNK_DATA 0000000140011300     user32:USER32.dll
 0002:00000308       __guard_check_icall_fptr   0000000140011308     LIBCMT:guard_support.obj
 0002:00000310       __guard_xfg_check_icall_fptr 0000000140011310     LIBCMT:guard_support.obj
 0002:00000318       __guard_dispatch_icall_fptr 0000000140011318     LIBCMT:guard_support.obj
 0002:00000320       __guard_xfg_dispatch_icall_fptr 0000000140011320     LIBCMT:guard_support.obj
 0002:00000328       __guard_xfg_table_dispatch_icall_fptr 0000000140011328     LIBCMT:guard_support.obj
 0002:00000330       __castguard_check_failure_os_handled_fptr 0000000140011330     LIBCMT:guard_support.obj
 0002:00000338       __guard_memcpy_fptr        0000000140011338     libvcruntime:softmemtag.obj
 0002:00000340       __xc_a                     0000000140011340     LIBCMT:initializers.obj
 0002:00000350       __xc_z                     0000000140011350     LIBCMT:initializers.obj
 0002:00000358       __xi_a                     0000000140011358     LIBCMT:initializers.obj
 0002:00000370       __acrt_multibyte_initializer 0000000140011370     libucrt:multibyte_initializer.obj
 0002:00000378       __acrt_fmode_initializer   0000000140011378     libucrt:fmode_initializer.obj
 0002:00000380       __acrt_stdio_initializer   0000000140011380     libucrt:stdio_initializer.obj
 0002:00000388       __acrt_tran_fma3_initializer 0000000140011388     libucrt:fma3_initializer.obj
 0002:00000390       __xi_z                     0000000140011390     LIBCMT:initializers.obj
 0002:00000398       __xp_a                     0000000140011398     LIBCMT:initializers.obj
 0002:000003a0       __acrt_locale_terminator   00000001400113a0     libucrt:locale_initializer.obj
 0002:000003a8       __dcrt_console_output_terminator 00000001400113a8     libucrt:console_output_initializer.obj
 0002:000003b0       __acrt_stdio_terminator    00000001400113b0     libucrt:stdio_initializer.obj
 0002:000003b8       __xp_z                     00000001400113b8     LIBCMT:initializers.obj
 0002:000003c0       __xt_a                     00000001400113c0     LIBCMT:initializers.obj
 0002:000003c8       __xt_z                     00000001400113c8     LIBCMT:initializers.obj
 0002:000006f8       ??_C@_0N@HDCPEFBI@Learn?5OpenGL@ 00000001400116f8     windows.obj
 0002:00000708       ??_C@_07IPDLOAFK@LearnGL@  0000000140011708     windows.obj
 0002:00000710       __real@3e2e147b            0000000140011710     windows.obj
 0002:00000714       __real@3f800000            0000000140011714     windows.obj
 0002:00000730       __xmm@ffffffffffffffffffffffffffffffff 0000000140011730     LIBCMT:utility.obj
 0002:00000740       _pDestructExceptionObject  0000000140011740     libvcruntime:ehhelpers.obj
 0002:00000e60       ??_C@_08EHJDFFNH@__based?$CI@ 0000000140011e60     libvcruntime:undname.obj
 0002:00000e70       ??_C@_07KOLFKCDI@__cdecl@  0000000140011e70     libvcruntime:undname.obj
 0002:00000e78       ??_C@_08GHMPAG@__pascal@   0000000140011e78     libvcruntime:undname.obj
 0002:00000e88       ??_C@_09IFJBGAPI@__stdcall@ 0000000140011e88     libvcruntime:undname.obj
 0002:00000e98       ??_C@_0L@NPHFGOKO@__thiscall@ 0000000140011e98     libvcruntime:undname.obj
 0002:00000ea8       ??_C@_0L@JMKHOMEK@__fastcall@ 0000000140011ea8     libvcruntime:undname.obj
 0002:00000eb8       ??_C@_0N@BCKKPABJ@__vectorcall@ 0000000140011eb8     libvcruntime:undname.obj
 0002:00000ec8       ??_C@_09HIJEGCPM@__clrcall@ 0000000140011ec8     libvcruntime:undname.obj
 0002:00000ed4       ??_C@_06GHPCKEAG@__eabi@   0000000140011ed4     libvcruntime:undname.obj
 0002:00000ee0       ??_C@_09IOPIDJLG@__swift_1@ 0000000140011ee0     libvcruntime:undname.obj
 0002:00000ef0       ??_C@_09KFNFGKHF@__swift_2@ 0000000140011ef0     libvcruntime:undname.obj
 0002:00000f00       ??_C@_09LMMOFLDE@__swift_3@ 0000000140011f00     libvcruntime:undname.obj
 0002:00000f10       ??_C@_07JOMMBBKO@__ptr64@  0000000140011f10     libvcruntime:undname.obj
 0002:00000f18       ??_C@_0L@PILCLIHE@__restrict@ 0000000140011f18     libvcruntime:undname.obj
 0002:00000f28       ??_C@_0M@GFIIJFMG@__unaligned@ 0000000140011f28     libvcruntime:undname.obj
 0002:00000f38       ??_C@_09DHDLOLLB@restrict?$CI@ 0000000140011f38     libvcruntime:undname.obj
 0002:00000f42       ??_C@_00CNPNBAHC@@         0000000140011f42     libvcruntime:undname.obj
 0002:00000f44       ??_C@_04NIHEBCM@?5new@     0000000140011f44     libvcruntime:undname.obj
 0002:00000f50       ??_C@_07FPCDHGMM@?5delete@ 0000000140011f50     libvcruntime:undname.obj
 0002:00000f58       ??_C@_01NEMOKFLO@?$DN@     0000000140011f58     libvcruntime:undname.obj
 0002:00000f5c       ??_C@_02GPIOPFAK@?$DO?$DO@ 0000000140011f5c     libvcruntime:undname.obj
 0002:00000f60       ??_C@_02FODMEDOG@?$DM?$DM@ 0000000140011f60     libvcruntime:undname.obj
 0002:00000f64       ??_C@_01DCLJPIOD@?$CB@     0000000140011f64     libvcruntime:undname.obj
 0002:00000f68       ??_C@_02EGOFBIJA@?$DN?$DN@ 0000000140011f68     libvcruntime:undname.obj
 0002:00000f6c       ??_C@_02FDNJECIE@?$CB?$DN@ 0000000140011f6c     libvcruntime:undname.obj
 0002:00000f70       ??_C@_02GPECMEKF@?$FL?$FN@ 0000000140011f70     libvcruntime:undname.obj
 0002:00000f78       ??_C@_08LHJFAFGD@operator@ 0000000140011f78     libvcruntime:undname.obj
 0002:00000f84       ??_C@_02HBOOOICD@?9?$DO@   0000000140011f84     libvcruntime:undname.obj
 0002:00000f88       ??_C@_01NBENCBCI@?$CK@     0000000140011f88     libvcruntime:undname.obj
 0002:00000f8c       ??_C@_02ECNGHCIF@?$CL?$CL@ 0000000140011f8c     libvcruntime:undname.obj
 0002:00000f90       ??_C@_02BAABKJLB@?9?9@     0000000140011f90     libvcruntime:undname.obj
 0002:00000f94       ??_C@_01JOAMLHOP@?9@       0000000140011f94     libvcruntime:undname.obj
 0002:00000f98       ??_C@_01MIFGBAGJ@?$CL@     0000000140011f98     libvcruntime:undname.obj
 0002:00000f9c       ??_C@_01HNPIGOCE@?$CG@     0000000140011f9c     libvcruntime:undname.obj
 0002:00000fa0       ??_C@_03MNHNFDLC@?9?$DO?$CK@ 0000000140011fa0     libvcruntime:undname.obj
 0002:00000fa4       ??_C@_01KMDKNFGN@?1@       0000000140011fa4     libvcruntime:undname.obj
 0002:00000fa8       ??_C@_01FGNFDNOH@?$CF@     0000000140011fa8     libvcruntime:undname.obj
 0002:00000fac       ??_C@_01MNNFJEPP@?$DM@     0000000140011fac     libvcruntime:undname.obj
 0002:00000fb0       ??_C@_02EHCHHCKH@?$DM?$DN@ 0000000140011fb0     libvcruntime:undname.obj
 0002:00000fb4       ??_C@_01PPODPGHN@?$DO@     0000000140011fb4     libvcruntime:undname.obj
 0002:00000fb8       ??_C@_02EEKDKGMJ@?$DO?$DN@ 0000000140011fb8     libvcruntime:undname.obj
 0002:00000fbc       ??_C@_01IHBHIGKO@?0@       0000000140011fbc     libvcruntime:undname.obj
 0002:00000fc0       ??_C@_02HCKGKOFO@?$CI?$CJ@ 0000000140011fc0     libvcruntime:undname.obj
 0002:00000fc4       ??_C@_01PJKLJHI@?$HO@      0000000140011fc4     libvcruntime:undname.obj
 0002:00000fc8       ??_C@_01JKBOJNNK@?$FO@     0000000140011fc8     libvcruntime:undname.obj
 0002:00000fcc       ??_C@_01DNKMNLPK@?$HM@     0000000140011fcc     libvcruntime:undname.obj
 0002:00000fd0       ??_C@_02PPKAJPJL@?$CG?$CG@ 0000000140011fd0     libvcruntime:undname.obj
 0002:00000fd4       ??_C@_02NONPIBCD@?$HM?$HM@ 0000000140011fd4     libvcruntime:undname.obj
 0002:00000fd8       ??_C@_02FPIMKNGF@?$CK?$DN@ 0000000140011fd8     libvcruntime:undname.obj
 0002:00000fdc       ??_C@_02FOEOMHFC@?$CL?$DN@ 0000000140011fdc     libvcruntime:undname.obj
 0002:00000fe0       ??_C@_02FKMDLLOA@?9?$DN@   0000000140011fe0     libvcruntime:undname.obj
 0002:00000fe4       ??_C@_02FJEHGPIO@?1?$DN@   0000000140011fe4     libvcruntime:undname.obj
 0002:00000fe8       ??_C@_02FENAOKFI@?$CF?$DN@ 0000000140011fe8     libvcruntime:undname.obj
 0002:00000fec       ??_C@_03IKFCCPFF@?$DO?$DO?$DN@ 0000000140011fec     libvcruntime:undname.obj
 0002:00000ff0       ??_C@_03CDNPDDLA@?$DM?$DM?$DN@ 0000000140011ff0     libvcruntime:undname.obj
 0002:00000ff4       ??_C@_02FGJGFEAB@?$CG?$DN@ 0000000140011ff4     libvcruntime:undname.obj
 0002:00000ff8       ??_C@_02DHLNPPGH@?$HM?$DN@ 0000000140011ff8     libvcruntime:undname.obj
 0002:00000ffc       ??_C@_02MHEGNOJ@?$FO?$DN@  0000000140011ffc     libvcruntime:undname.obj
 0002:00001000       ??_C@_09IFPLHPGF@?$GAvftable?8@ 0000000140012000     libvcruntime:undname.obj
 0002:00001010       ??_C@_09BLBHBJP@?$GAvbtable?8@ 0000000140012010     libvcruntime:undname.obj
 0002:00001020       ??_C@_07FEEIOKP@?$GAvcall?8@ 0000000140012020     libvcruntime:undname.obj
 0002:00001028       ??_C@_08LLFFHHDJ@?$GAtypeof?8@ 0000000140012028     libvcruntime:undname.obj
 0002:00001038       ??_C@_0BF@KDPPACIK@?$GAlocal?5static?5guard?8@ 0000000140012038     libvcruntime:undname.obj
 0002:00001050       ??_C@_08OBABFOLI@?$GAstring?8@ 0000000140012050     libvcruntime:undname.obj
 0002:00001060       ??_C@_0BD@JDLKDPAB@?$GAvbase?5destructor?8@ 0000000140012060     libvcruntime:undname.obj
 0002:00001078       ??_C@_0BN@DEGPLNFK@?$GAvector?5deleting?5destructor?8@ 0000000140012078     libvcruntime:undname.obj
 0002:00001098       ??_C@_0BO@OBMKPJIG@?$GAdefault?5constructor?5closure?8@ 0000000140012098     libvcruntime:undname.obj
 0002:000010b8       ??_C@_0BN@IMDCHIKM@?$GAscalar?5deleting?5destructor?8@ 00000001400120b8     libvcruntime:undname.obj
 0002:000010d8       ??_C@_0BO@PFGOCPJJ@?$GAvector?5constructor?5iterator?8@ 00000001400120d8     libvcruntime:undname.obj
 0002:000010f8       ??_C@_0BN@LFPFMEDL@?$GAvector?5destructor?5iterator?8@ 00000001400120f8     libvcruntime:undname.obj
 0002:00001118       ??_C@_0CE@IKBNEHA@?$GAvector?5vbase?5constructor?5itera@ 0000000140012118     libvcruntime:undname.obj
 0002:00001140       ??_C@_0BL@NILFHHPC@?$GAvirtual?5displacement?5map?8@ 0000000140012140     libvcruntime:undname.obj
 0002:00001160       ??_C@_0CB@JONCMFFK@?$GAeh?5vector?5constructor?5iterator@ 0000000140012160     libvcruntime:undname.obj
 0002:00001188       ??_C@_0CA@GCEOPDGL@?$GAeh?5vector?5destructor?5iterator?8@ 0000000140012188     libvcruntime:undname.obj
 0002:000011a8       ??_C@_0CH@OOJPLCPH@?$GAeh?5vector?5vbase?5constructor?5it@ 00000001400121a8     libvcruntime:undname.obj
 0002:000011d0       ??_C@_0BL@LLKPOHJI@?$GAcopy?5constructor?5closure?8@ 00000001400121d0     libvcruntime:undname.obj
 0002:000011f0       ??_C@_0BA@KBCDOMBN@?$GAudt?5returning?8@ 00000001400121f0     libvcruntime:undname.obj
 0002:00001200       ??_C@_03KLGMFNMG@?$GAEH@   0000000140012200     libvcruntime:undname.obj
 0002:00001204       ??_C@_05KHLCHHI@?$GARTTI@  0000000140012204     libvcruntime:undname.obj
 0002:00001210       ??_C@_0BA@KKLDJDLB@?$GAlocal?5vftable?8@ 0000000140012210     libvcruntime:undname.obj
 0002:00001220       ??_C@_0CE@IIHCMGGL@?$GAlocal?5vftable?5constructor?5clos@ 0000000140012220     libvcruntime:undname.obj
 0002:00001244       ??_C@_06FHBGPFGH@?5new?$FL?$FN@ 0000000140012244     libvcruntime:undname.obj
 0002:00001250       ??_C@_09LBNFPBCA@?5delete?$FL?$FN@ 0000000140012250     libvcruntime:undname.obj
 0002:00001260       ??_C@_0P@HJKNJFNN@?$GAomni?5callsig?8@ 0000000140012260     libvcruntime:undname.obj
 0002:00001270       ??_C@_0BL@CNOONJFP@?$GAplacement?5delete?5closure?8@ 0000000140012270     libvcruntime:undname.obj
 0002:00001290       ??_C@_0BN@CKNJLHMB@?$GAplacement?5delete?$FL?$FN?5closure?8@ 0000000140012290     libvcruntime:undname.obj
 0002:000012b0       ??_C@_0CG@CFDHKGGD@?$GAmanaged?5vector?5constructor?5ite@ 00000001400122b0     libvcruntime:undname.obj
 0002:000012d8       ??_C@_0CF@IMGKMJNO@?$GAmanaged?5vector?5destructor?5iter@ 00000001400122d8     libvcruntime:undname.obj
 0002:00001300       ??_C@_0CG@HLDDJMAG@?$GAeh?5vector?5copy?5constructor?5ite@ 0000000140012300     libvcruntime:undname.obj
 0002:00001328       ??_C@_0CM@FCBBDIGB@?$GAeh?5vector?5vbase?5copy?5construct@ 0000000140012328     libvcruntime:undname.obj
 0002:00001358       ??_C@_0BL@CLIPGLGB@?$GAdynamic?5initializer?5for?5?8@ 0000000140012358     libvcruntime:undname.obj
 0002:00001378       ??_C@_0CB@PDBIFEP@?$GAdynamic?5atexit?5destructor?5for?5@ 0000000140012378     libvcruntime:undname.obj
 0002:000013a0       ??_C@_0CD@CGAJBKEJ@?$GAvector?5copy?5constructor?5iterat@ 00000001400123a0     libvcruntime:undname.obj
 0002:000013c8       ??_C@_0CJ@GJELGAMM@?$GAvector?5vbase?5copy?5constructor?5@ 00000001400123c8     libvcruntime:undname.obj
 0002:000013f8       ??_C@_0CL@FGIJHLCE@?$GAmanaged?5vector?5copy?5constructo@ 00000001400123f8     libvcruntime:undname.obj
 0002:00001428       ??_C@_0BM@PMGGMLDN@?$GAlocal?5static?5thread?5guard?8@ 0000000140012428     libvcruntime:undname.obj
 0002:00001448       ??_C@_0N@BDNMDMOL@operator?5?$CC?$CC?5@ 0000000140012448     libvcruntime:undname.obj
 0002:00001458       ??_C@_0BC@GGEBGALA@operator?5co_await@ 0000000140012458     libvcruntime:undname.obj
 0002:00001470       ??_C@_0M@GAAIMMOH@operator?$DM?$DN?$DO@ 0000000140012470     libvcruntime:undname.obj
 0002:00001480       ??_C@_0BC@DAFEJGAK@?5Type?5Descriptor?8@ 0000000140012480     libvcruntime:undname.obj
 0002:00001498       ??_C@_0BM@LDKODKLH@?5Base?5Class?5Descriptor?5at?5?$CI@ 0000000140012498     libvcruntime:undname.obj
 0002:000014b8       ??_C@_0BD@LGICGFMM@?5Base?5Class?5Array?8@ 00000001400124b8     libvcruntime:undname.obj
 0002:000014d0       ??_C@_0BN@MECKDCOJ@?5Class?5Hierarchy?5Descriptor?8@ 00000001400124d0     libvcruntime:undname.obj
 0002:000014f0       ??_C@_0BK@CFCOFLF@?5Complete?5Object?5Locator?8@ 00000001400124f0     libvcruntime:undname.obj
 0002:00001510       ??_C@_0BG@JNJLAMPM@?$GAanonymous?5namespace?8@ 0000000140012510     libvcruntime:undname.obj
 0002:00001540       ??_C@_1DM@KHCHBNEB@?$AAa?$AAp?$AAi?$AA?9?$AAm?$AAs?$AA?9?$AAw?$AAi?$AAn?$AA?9?$AAc?$AAo?$AAr?$AAe@ 0000000140012540     libvcruntime:winapi_downlevel.obj
 0002:00001580       ??_C@_1DK@LPPGFMPP@?$AAa?$AAp?$AAi?$AA?9?$AAm?$AAs?$AA?9?$AAw?$AAi?$AAn?$AA?9?$AAc?$AAo?$AAr?$AAe@ 0000000140012580     libvcruntime:winapi_downlevel.obj
 0002:000015c0       ??_C@_1BC@GDMECMAK@?$AAk?$AAe?$AAr?$AAn?$AAe?$AAl?$AA3?$AA2@ 00000001400125c0     libvcruntime:winapi_downlevel.obj
 0002:000015d8       ??_C@_1BA@PFFKHIOG@?$AAa?$AAp?$AAi?$AA?9?$AAm?$AAs?$AA?9@ 00000001400125d8     libvcruntime:winapi_downlevel.obj
 0002:000015f0       ??_C@_08KNHFBNJ@FlsAlloc@  00000001400125f0     libvcruntime:winapi_downlevel.obj
 0002:00001608       ??_C@_07PEJMOBNF@FlsFree@  0000000140012608     libvcruntime:winapi_downlevel.obj
 0002:00001618       ??_C@_0M@GDNOONDI@FlsGetValue@ 0000000140012618     libvcruntime:winapi_downlevel.obj
 0002:00001630       ??_C@_0M@JCPCPOEF@FlsSetValue@ 0000000140012630     libvcruntime:winapi_downlevel.obj
 0002:00001648       ??_C@_0BM@HCFOFFN@InitializeCriticalSectionEx@ 0000000140012648     libvcruntime:winapi_downlevel.obj
 0002:00001710       ??_7exception@std@@6B@     0000000140012710     libvcruntime:frame.obj
 0002:00001720       ??_C@_0BC@EOODALEL@Unknown?5exception@ 0000000140012720     libvcruntime:frame.obj
 0002:00001740       ??_7bad_exception@std@@6B@ 0000000140012740     libvcruntime:frame.obj
 0002:00001750       ??_C@_0O@DPKOEFFH@bad?5exception@ 0000000140012750     libvcruntime:frame.obj
 0002:00001760       __acrt_exception_action_table 0000000140012760     libucrt:exception_filter.obj
 0002:00001820       __acrt_signal_action_table_count 0000000140012820     libucrt:exception_filter.obj
 0002:00001828       __acrt_signal_action_first_fpe_index 0000000140012828     libucrt:exception_filter.obj
 0002:00001830       __acrt_signal_action_fpe_count 0000000140012830     libucrt:exception_filter.obj
 0002:000018b0       ??_C@_1BI@BGOHAHKC@?$AAm?$AAs?$AAc?$AAo?$AAr?$AAe?$AAe?$AA?4?$AAd?$AAl?$AAl@ 00000001400128b0     libucrt:exit.obj
 0002:000018c8       ??_C@_0P@MIGLKIOC@CorExitProcess@ 00000001400128c8     libucrt:exit.obj
 0002:00001b88       ??_C@_1M@HPNHIDJI@?$AAj?$AAa?$AA?9?$AAJ?$AAP@ 0000000140012b88     libucrt:mbctype.obj
 0002:00001b98       ??_C@_1M@BIBDDEMK@?$AAz?$AAh?$AA?9?$AAC?$AAN@ 0000000140012b98     libucrt:mbctype.obj
 0002:00001ba8       ??_C@_1M@JLOOOEGK@?$AAk?$AAo?$AA?9?$AAK?$AAR@ 0000000140012ba8     libucrt:mbctype.obj
 0002:00001bb8       ??_C@_1M@CLNBBOPM@?$AAz?$AAh?$AA?9?$AAT?$AAW@ 0000000140012bb8     libucrt:mbctype.obj
 0002:00001bd0       __lc_time_c                0000000140012bd0     libucrt:nlsdata.obj
 0002:00001e90       ??_C@_03KOEHGMDN@Sun@      0000000140012e90     libucrt:nlsdata.obj
 0002:00001e94       ??_C@_03PDAGKDH@Mon@       0000000140012e94     libucrt:nlsdata.obj
 0002:00001e98       ??_C@_03NAGEINEP@Tue@      0000000140012e98     libucrt:nlsdata.obj
 0002:00001e9c       ??_C@_03MHOMLAJA@Wed@      0000000140012e9c     libucrt:nlsdata.obj
 0002:00001ea0       ??_C@_03IOFIKPDN@Thu@      0000000140012ea0     libucrt:nlsdata.obj
 0002:00001ea4       ??_C@_03IDIOELNC@Fri@      0000000140012ea4     libucrt:nlsdata.obj
 0002:00001ea8       ??_C@_03FEFJNEK@Sat@       0000000140012ea8     libucrt:nlsdata.obj
 0002:00001eac       ??_C@_06OOPIFAJ@Sunday@    0000000140012eac     libucrt:nlsdata.obj
 0002:00001eb4       ??_C@_06JLEDEDGH@Monday@   0000000140012eb4     libucrt:nlsdata.obj
 0002:00001ec0       ??_C@_07BAAGCFCM@Tuesday@  0000000140012ec0     libucrt:nlsdata.obj
 0002:00001ec8       ??_C@_09DLIGFAKA@Wednesday@ 0000000140012ec8     libucrt:nlsdata.obj
 0002:00001ed8       ??_C@_08HACCIKIA@Thursday@ 0000000140012ed8     libucrt:nlsdata.obj
 0002:00001ee4       ??_C@_06JECMNKMI@Friday@   0000000140012ee4     libucrt:nlsdata.obj
 0002:00001ef0       ??_C@_08INBOOONO@Saturday@ 0000000140012ef0     libucrt:nlsdata.obj
 0002:00001efc       ??_C@_03JIHJHPIE@Jan@      0000000140012efc     libucrt:nlsdata.obj
 0002:00001f00       ??_C@_03HJBDCHOM@Feb@      0000000140012f00     libucrt:nlsdata.obj
 0002:00001f04       ??_C@_03ODNJBKGA@Mar@      0000000140012f04     libucrt:nlsdata.obj
 0002:00001f08       ??_C@_03LEOLGMJP@Apr@      0000000140012f08     libucrt:nlsdata.obj
 0002:00001f0c       ??_C@_03CNMDKL@May@        0000000140012f0c     libucrt:nlsdata.obj
 0002:00001f10       ??_C@_03IDFGHECI@Jun@      0000000140012f10     libucrt:nlsdata.obj
 0002:00001f14       ??_C@_03LBGABGKK@Jul@      0000000140012f14     libucrt:nlsdata.obj
 0002:00001f18       ??_C@_03IFJFEIGA@Aug@      0000000140012f18     libucrt:nlsdata.obj
 0002:00001f1c       ??_C@_03GGCAPAJC@Sep@      0000000140012f1c     libucrt:nlsdata.obj
 0002:00001f20       ??_C@_03BMAOKBAD@Oct@      0000000140012f20     libucrt:nlsdata.obj
 0002:00001f24       ??_C@_03JPJOFNIA@Nov@      0000000140012f24     libucrt:nlsdata.obj
 0002:00001f28       ??_C@_03MKABNOCG@Dec@      0000000140012f28     libucrt:nlsdata.obj
 0002:00001f30       ??_C@_07CGJPFGJA@January@  0000000140012f30     libucrt:nlsdata.obj
 0002:00001f38       ??_C@_08GNJGEPFN@February@ 0000000140012f38     libucrt:nlsdata.obj
 0002:00001f44       ??_C@_05HPCKOFNC@March@    0000000140012f44     libucrt:nlsdata.obj
 0002:00001f4c       ??_C@_05DMJDNLEJ@April@    0000000140012f4c     libucrt:nlsdata.obj
 0002:00001f54       ??_C@_04CNLMGBGM@June@     0000000140012f54     libucrt:nlsdata.obj
 0002:00001f5c       ??_C@_04MIEPOIFP@July@     0000000140012f5c     libucrt:nlsdata.obj
 0002:00001f64       ??_C@_06LBBHFDDG@August@   0000000140012f64     libucrt:nlsdata.obj
 0002:00001f70       ??_C@_09BHHEALKD@September@ 0000000140012f70     libucrt:nlsdata.obj
 0002:00001f80       ??_C@_07JJNFCEND@October@  0000000140012f80     libucrt:nlsdata.obj
 0002:00001f88       ??_C@_08HCHEGEOA@November@ 0000000140012f88     libucrt:nlsdata.obj
 0002:00001f98       ??_C@_08EDHMEBNP@December@ 0000000140012f98     libucrt:nlsdata.obj
 0002:00001fa4       ??_C@_02DEDBPAFC@AM@       0000000140012fa4     libucrt:nlsdata.obj
 0002:00001fa8       ??_C@_02CJNFDJBF@PM@       0000000140012fa8     libucrt:nlsdata.obj
 0002:00001fb0       ??_C@_08BPBNCDIB@MM?1dd?1yy@ 0000000140012fb0     libucrt:nlsdata.obj
 0002:00001fc0       ??_C@_0BE@CKGJFCPC@dddd?0?5MMMM?5dd?0?5yyyy@ 0000000140012fc0     libucrt:nlsdata.obj
 0002:00001fd8       ??_C@_08JCCMCCIL@HH?3mm?3ss@ 0000000140012fd8     libucrt:nlsdata.obj
 0002:00001fe8       ??_C@_17MBGCMIPB@?$AAS?$AAu?$AAn@ 0000000140012fe8     libucrt:nlsdata.obj
 0002:00001ff0       ??_C@_17KBOMKBF@?$AAM?$AAo?$AAn@ 0000000140012ff0     libucrt:nlsdata.obj
 0002:00001ff8       ??_C@_17BMKGEGOJ@?$AAT?$AAu?$AAe@ 0000000140012ff8     libucrt:nlsdata.obj
 0002:00002000       ??_C@_17CJEDCEPE@?$AAW?$AAe?$AAd@ 0000000140013000     libucrt:nlsdata.obj
 0002:00002008       ??_C@_17PDPHAADD@?$AAT?$AAh?$AAu@ 0000000140013008     libucrt:nlsdata.obj
 0002:00002010       ??_C@_17HFOLPPLP@?$AAF?$AAr?$AAi@ 0000000140013010     libucrt:nlsdata.obj
 0002:00002018       ??_C@_17GGIBDPIH@?$AAS?$AAa?$AAt@ 0000000140013018     libucrt:nlsdata.obj
 0002:00002020       ??_C@_1O@IHNHDHPB@?$AAS?$AAu?$AAn?$AAd?$AAa?$AAy@ 0000000140013020     libucrt:nlsdata.obj
 0002:00002030       ??_C@_1O@MMNBFLIA@?$AAM?$AAo?$AAn?$AAd?$AAa?$AAy@ 0000000140013030     libucrt:nlsdata.obj
 0002:00002040       ??_C@_1BA@ENFBFFEK@?$AAT?$AAu?$AAe?$AAs?$AAd?$AAa?$AAy@ 0000000140013040     libucrt:nlsdata.obj
 0002:00002050       ??_C@_1BE@EBOGMDOH@?$AAW?$AAe?$AAd?$AAn?$AAe?$AAs?$AAd?$AAa?$AAy@ 0000000140013050     libucrt:nlsdata.obj
 0002:00002068       ??_C@_1BC@HHMNLIHE@?$AAT?$AAh?$AAu?$AAr?$AAs?$AAd?$AAa?$AAy@ 0000000140013068     libucrt:nlsdata.obj
 0002:00002080       ??_C@_1O@PDICJHAG@?$AAF?$AAr?$AAi?$AAd?$AAa?$AAy@ 0000000140013080     libucrt:nlsdata.obj
 0002:00002090       ??_C@_1BC@ENMNNPAJ@?$AAS?$AAa?$AAt?$AAu?$AAr?$AAd?$AAa?$AAy@ 0000000140013090     libucrt:nlsdata.obj
 0002:000020a8       ??_C@_17DKNBKCHM@?$AAJ?$AAa?$AAn@ 00000001400130a8     libucrt:nlsdata.obj
 0002:000020b0       ??_C@_17LMDJEKJN@?$AAF?$AAe?$AAb@ 00000001400130b0     libucrt:nlsdata.obj
 0002:000020b8       ??_C@_17CKNLEDEC@?$AAM?$AAa?$AAr@ 00000001400130b8     libucrt:nlsdata.obj
 0002:000020c0       ??_C@_17LFPOIHDD@?$AAA?$AAp?$AAr@ 00000001400130c0     libucrt:nlsdata.obj
 0002:000020c8       ??_C@_17PNNKMEED@?$AAM?$AAa?$AAy@ 00000001400130c8     libucrt:nlsdata.obj
 0002:000020d0       ??_C@_17KCJGOCPB@?$AAJ?$AAu?$AAn@ 00000001400130d0     libucrt:nlsdata.obj
 0002:000020d8       ??_C@_17IJPCKHK@?$AAJ?$AAu?$AAl@ 00000001400130d8     libucrt:nlsdata.obj
 0002:000020e0       ??_C@_17ICPELBCN@?$AAA?$AAu?$AAg@ 00000001400130e0     libucrt:nlsdata.obj
 0002:000020e8       ??_C@_17HCHCOKMG@?$AAS?$AAe?$AAp@ 00000001400130e8     libucrt:nlsdata.obj
 0002:000020f0       ??_C@_17FNLKOI@?$AAO?$AAc?$AAt@ 00000001400130f0     libucrt:nlsdata.obj
 0002:000020f8       ??_C@_17BBDMLCIG@?$AAN?$AAo?$AAv@ 00000001400130f8     libucrt:nlsdata.obj
 0002:00002100       ??_C@_17EGKACKIF@?$AAD?$AAe?$AAc@ 0000000140013100     libucrt:nlsdata.obj
 0002:00002108       ??_C@_1BA@EFMEIEBA@?$AAJ?$AAa?$AAn?$AAu?$AAa?$AAr?$AAy@ 0000000140013108     libucrt:nlsdata.obj
 0002:00002118       ??_C@_1BC@JGDDFFAM@?$AAF?$AAe?$AAb?$AAr?$AAu?$AAa?$AAr?$AAy@ 0000000140013118     libucrt:nlsdata.obj
 0002:00002130       ??_C@_1M@IKEENEDF@?$AAM?$AAa?$AAr?$AAc?$AAh@ 0000000140013130     libucrt:nlsdata.obj
 0002:00002140       ??_C@_1M@GJNLMHFD@?$AAA?$AAp?$AAr?$AAi?$AAl@ 0000000140013140     libucrt:nlsdata.obj
 0002:00002150       ??_C@_19EPFLPGAP@?$AAJ?$AAu?$AAn?$AAe@ 0000000140013150     libucrt:nlsdata.obj
 0002:00002160       ??_C@_19BIFMLPCD@?$AAJ?$AAu?$AAl?$AAy@ 0000000140013160     libucrt:nlsdata.obj
 0002:00002170       ??_C@_1O@PAHLKOAC@?$AAA?$AAu?$AAg?$AAu?$AAs?$AAt@ 0000000140013170     libucrt:nlsdata.obj
 0002:00002180       ??_C@_1BE@DKAAMBJL@?$AAS?$AAe?$AAp?$AAt?$AAe?$AAm?$AAb?$AAe?$AAr@ 0000000140013180     libucrt:nlsdata.obj
 0002:00002198       ??_C@_1BA@EPANDLNG@?$AAO?$AAc?$AAt?$AAo?$AAb?$AAe?$AAr@ 0000000140013198     libucrt:nlsdata.obj
 0002:000021a8       ??_C@_1BC@BGLIFPF@?$AAN?$AAo?$AAv?$AAe?$AAm?$AAb?$AAe?$AAr@ 00000001400131a8     libucrt:nlsdata.obj
 0002:000021c0       ??_C@_1BC@FEMKIFH@?$AAD?$AAe?$AAc?$AAe?$AAm?$AAb?$AAe?$AAr@ 00000001400131c0     libucrt:nlsdata.obj
 0002:000021d4       ??_C@_15ODEHAHHF@?$AAA?$AAM@ 00000001400131d4     libucrt:nlsdata.obj
 0002:000021dc       ??_C@_15CLMNNGEL@?$AAP?$AAM@ 00000001400131dc     libucrt:nlsdata.obj
 0002:000021e8       ??_C@_1BC@IEBCMHCM@?$AAM?$AAM?$AA?1?$AAd?$AAd?$AA?1?$AAy?$AAy@ 00000001400131e8     libucrt:nlsdata.obj
 0002:00002200       ??_C@_1CI@KNAKOEBC@?$AAd?$AAd?$AAd?$AAd?$AA?0?$AA?5?$AAM?$AAM?$AAM?$AAM?$AA?5?$AAd?$AAd?$AA?0?$AA?5@ 0000000140013200     libucrt:nlsdata.obj
 0002:00002228       ??_C@_1BC@GDGBMEMK@?$AAH?$AAH?$AA?3?$AAm?$AAm?$AA?3?$AAs?$AAs@ 0000000140013228     libucrt:nlsdata.obj
 0002:00002240       ??_C@_1M@BMHNFIME@?$AAe?$AAn?$AA?9?$AAU?$AAS@ 0000000140013240     libucrt:nlsdata.obj
 0002:00002250       __newctype                 0000000140013250     libucrt:ctype.obj
 0002:00002550       __newclmap                 0000000140013550     libucrt:ctype.obj
 0002:000026d0       __newcumap                 00000001400136d0     libucrt:ctype.obj
 0002:00002850       ??_C@_15PJPFLCCM@?$AAu?$AAk@ 0000000140013850     libucrt:get_qualified_locale.obj
 0002:00002900       ??_C@_1EA@JGEFHKEI@?$AAa?$AAp?$AAi?$AA?9?$AAm?$AAs?$AA?9?$AAw?$AAi?$AAn?$AA?9?$AAc?$AAo?$AAr?$AAe@ 0000000140013900     libucrt:winapi_thunks.obj
 0002:00002940       ??_C@_1DI@IJCEHOCB@?$AAa?$AAp?$AAi?$AA?9?$AAm?$AAs?$AA?9?$AAw?$AAi?$AAn?$AA?9?$AAc?$AAo?$AAr?$AAe@ 0000000140013940     libucrt:winapi_thunks.obj
 0002:00002980       ??_C@_1EI@MPIAOHOC@?$AAa?$AAp?$AAi?$AA?9?$AAm?$AAs?$AA?9?$AAw?$AAi?$AAn?$AA?9?$AAc?$AAo?$AAr?$AAe@ 0000000140013980     libucrt:winapi_thunks.obj
 0002:000029d0       ??_C@_1FK@FPHCKFIE@?$AAa?$AAp?$AAi?$AA?9?$AAm?$AAs?$AA?9?$AAw?$AAi?$AAn?$AA?9?$AAc?$AAo?$AAr?$AAe@ 00000001400139d0     libucrt:winapi_thunks.obj
 0002:00002a30       ??_C@_1EM@DILCGIIO@?$AAa?$AAp?$AAi?$AA?9?$AAm?$AAs?$AA?9?$AAw?$AAi?$AAn?$AA?9?$AAc?$AAo?$AAr?$AAe@ 0000000140013a30     libucrt:winapi_thunks.obj
 0002:00002a80       ??_C@_1DM@LNCGDDPN@?$AAa?$AAp?$AAi?$AA?9?$AAm?$AAs?$AA?9?$AAw?$AAi?$AAn?$AA?9?$AAc?$AAo?$AAr?$AAe@ 0000000140013a80     libucrt:winapi_thunks.obj
 0002:00002ac0       ??_C@_1DO@FPAPJEMD@?$AAa?$AAp?$AAi?$AA?9?$AAm?$AAs?$AA?9?$AAw?$AAi?$AAn?$AA?9?$AAc?$AAo?$AAr?$AAe@ 0000000140013ac0     libucrt:winapi_thunks.obj
 0002:00002b00       ??_C@_1DK@NDHNAHIO@?$AAa?$AAp?$AAi?$AA?9?$AAm?$AAs?$AA?9?$AAw?$AAi?$AAn?$AA?9?$AAc?$AAo?$AAr?$AAe@ 0000000140013b00     libucrt:winapi_thunks.obj
 0002:00002b40       ??_C@_1DM@KGHDGBCM@?$AAa?$AAp?$AAi?$AA?9?$AAm?$AAs?$AA?9?$AAw?$AAi?$AAn?$AA?9?$AAc?$AAo?$AAr?$AAe@ 0000000140013b40     libucrt:winapi_thunks.obj
 0002:00002b80       ??_C@_1EO@IJIOEFOH@?$AAa?$AAp?$AAi?$AA?9?$AAm?$AAs?$AA?9?$AAw?$AAi?$AAn?$AA?9?$AAr?$AAt?$AAc?$AAo@ 0000000140013b80     libucrt:winapi_thunks.obj
 0002:00002bd0       ??_C@_1FG@HHGEKANL@?$AAa?$AAp?$AAi?$AA?9?$AAm?$AAs?$AA?9?$AAw?$AAi?$AAn?$AA?9?$AAs?$AAe?$AAc?$AAu@ 0000000140013bd0     libucrt:winapi_thunks.obj
 0002:00002c30       ??_C@_1EG@DBIOJECG@?$AAe?$AAx?$AAt?$AA?9?$AAm?$AAs?$AA?9?$AAw?$AAi?$AAn?$AA?9?$AAn?$AAt?$AAu?$AAs@ 0000000140013c30     libucrt:winapi_thunks.obj
 0002:00002c80       ??_C@_1EO@FIHMJCLF@?$AAe?$AAx?$AAt?$AA?9?$AAm?$AAs?$AA?9?$AAw?$AAi?$AAn?$AA?9?$AAn?$AAt?$AAu?$AAs@ 0000000140013c80     libucrt:winapi_thunks.obj
 0002:00002cd0       ??_C@_1BC@DNHGCMLG@?$AAa?$AAd?$AAv?$AAa?$AAp?$AAi?$AA3?$AA2@ 0000000140013cd0     libucrt:winapi_thunks.obj
 0002:00002ce8       ??_C@_1M@OAIMIKLP@?$AAn?$AAt?$AAd?$AAl?$AAl@ 0000000140013ce8     libucrt:winapi_thunks.obj
 0002:00002d00       ??_C@_1EG@DPGNFKGC@?$AAa?$AAp?$AAi?$AA?9?$AAm?$AAs?$AA?9?$AAw?$AAi?$AAn?$AA?9?$AAa?$AAp?$AAp?$AAm@ 0000000140013d00     libucrt:winapi_thunks.obj
 0002:00002d48       ??_C@_1O@BCCLBEOE@?$AAu?$AAs?$AAe?$AAr?$AA3?$AA2@ 0000000140013d48     libucrt:winapi_thunks.obj
 0002:00002d58       ??_C@_1BA@IAIFMGEF@?$AAe?$AAx?$AAt?$AA?9?$AAm?$AAs?$AA?9@ 0000000140013d58     libucrt:winapi_thunks.obj
 0002:00002d70       ??_C@_0BA@FHFNEAED@AreFileApisANSI@ 0000000140013d70     libucrt:winapi_thunks.obj
 0002:00002d90       ??_C@_0O@KKBNKAPF@LCMapStringEx@ 0000000140013d90     libucrt:winapi_thunks.obj
 0002:00002da8       ??_C@_0BB@HBDEELFH@LocaleNameToLCID@ 0000000140013da8     libucrt:winapi_thunks.obj
 0002:00002dc0       ??_C@_0CF@OJOFEIGO@AppPolicyGetProcessTerminationM@ 0000000140013dc0     libucrt:winapi_thunks.obj
 0002:00003c30       ??_C@_15EMKDOKLE@?$AAa?$AAr@ 0000000140014c30     libucrt:lcidtoname_downlevel.obj
 0002:00003c38       ??_C@_15KNPADPLH@?$AAb?$AAg@ 0000000140014c38     libucrt:lcidtoname_downlevel.obj
 0002:00003c40       ??_C@_15EDMHLDMO@?$AAc?$AAa@ 0000000140014c40     libucrt:lcidtoname_downlevel.obj
 0002:00003c48       ??_C@_1O@BPEAJADD@?$AAz?$AAh?$AA?9?$AAC?$AAH?$AAS@ 0000000140014c48     libucrt:lcidtoname_downlevel.obj
 0002:00003c58       ??_C@_15LJNHCMNK@?$AAc?$AAs@ 0000000140014c58     libucrt:lcidtoname_downlevel.obj
 0002:00003c60       ??_C@_15FOMCIDHG@?$AAd?$AAa@ 0000000140014c60     libucrt:lcidtoname_downlevel.obj
 0002:00003c68       ??_C@_15NBKABECB@?$AAd?$AAe@ 0000000140014c68     libucrt:lcidtoname_downlevel.obj
 0002:00003c70       ??_C@_15GHPEIIAO@?$AAe?$AAl@ 0000000140014c70     libucrt:lcidtoname_downlevel.obj
 0002:00003c78       ??_C@_15MNPNEAIF@?$AAe?$AAn@ 0000000140014c78     libucrt:lcidtoname_downlevel.obj
 0002:00003c80       ??_C@_15GPIOMPMH@?$AAe?$AAs@ 0000000140014c80     libucrt:lcidtoname_downlevel.obj
 0002:00003c88       ??_C@_15NGLOAKJC@?$AAf?$AAi@ 0000000140014c88     libucrt:lcidtoname_downlevel.obj
 0002:00003c90       ??_C@_15FBKGNKAM@?$AAf?$AAr@ 0000000140014c90     libucrt:lcidtoname_downlevel.obj
 0002:00003c98       ??_C@_15KGGCNEFK@?$AAh?$AAe@ 0000000140014c98     libucrt:lcidtoname_downlevel.obj
 0002:00003ca0       ??_C@_15PGHLIDMF@?$AAh?$AAu@ 0000000140014ca0     libucrt:lcidtoname_downlevel.obj
 0002:00003ca8       ??_C@_15BIEMAPLM@?$AAi?$AAs@ 0000000140014ca8     libucrt:lcidtoname_downlevel.obj
 0002:00003cb0       ??_C@_15IFJLDHAF@?$AAi?$AAt@ 0000000140014cb0     libucrt:lcidtoname_downlevel.obj
 0002:00003cb8       ??_C@_15GEMIOCAG@?$AAj?$AAa@ 0000000140014cb8     libucrt:lcidtoname_downlevel.obj
 0002:00003cc0       ??_C@_15EPELEGJA@?$AAk?$AAo@ 0000000140014cc0     libucrt:lcidtoname_downlevel.obj
 0002:00003cc8       ??_C@_15NDDHIMN@?$AAn?$AAl@ 0000000140014cc8     libucrt:lcidtoname_downlevel.obj
 0002:00003cd0       ??_C@_15BPIGNHCD@?$AAn?$AAo@ 0000000140014cd0     libucrt:lcidtoname_downlevel.obj
 0002:00003cd8       ??_C@_15DEOPBLCG@?$AAp?$AAl@ 0000000140014cd8     libucrt:lcidtoname_downlevel.obj
 0002:00003ce0       ??_C@_15KBECGEFG@?$AAp?$AAt@ 0000000140014ce0     libucrt:lcidtoname_downlevel.obj
 0002:00003ce8       ??_C@_15GLJCBFMD@?$AAr?$AAo@ 0000000140014ce8     libucrt:lcidtoname_downlevel.obj
 0002:00003cf0       ??_C@_15FEDGKCDI@?$AAr?$AAu@ 0000000140014cf0     libucrt:lcidtoname_downlevel.obj
 0002:00003cf8       ??_C@_15GLKMLLHM@?$AAh?$AAr@ 0000000140014cf8     libucrt:lcidtoname_downlevel.obj
 0002:00003d00       ??_C@_15CPKMFBDB@?$AAs?$AAk@ 0000000140014d00     libucrt:lcidtoname_downlevel.obj
 0002:00003d08       ??_C@_15BAAIOGMK@?$AAs?$AAq@ 0000000140014d08     libucrt:lcidtoname_downlevel.obj
 0002:00003d10       ??_C@_15INNPNOHD@?$AAs?$AAv@ 0000000140014d10     libucrt:lcidtoname_downlevel.obj
 0002:00003d18       ??_C@_15CABMMOGH@?$AAt?$AAh@ 0000000140014d18     libucrt:lcidtoname_downlevel.obj
 0002:00003d20       ??_C@_15BPLIHJJM@?$AAt?$AAr@ 0000000140014d20     libucrt:lcidtoname_downlevel.obj
 0002:00003d28       ??_C@_15NEOEKKDJ@?$AAu?$AAr@ 0000000140014d28     libucrt:lcidtoname_downlevel.obj
 0002:00003d30       ??_C@_15NFICGAJK@?$AAi?$AAd@ 0000000140014d30     libucrt:lcidtoname_downlevel.obj
[...]
 0002:00008af8       $chain$0$?get_raw_ptd@__crt_cached_ptd_host@@QEAAPEAU__acrt_ptd@@XZ 0000000140019af8     libucrt:output.obj
 0002:00008b0c       $chain$1$?get_raw_ptd@__crt_cached_ptd_host@@QEAAPEAU__acrt_ptd@@XZ 0000000140019b0c     libucrt:output.obj
 0002:00008b20       $xdatasym                  0000000140019b20     libucrt:strncmp.obj
 0002:00008b24       $unwind$_free_base         0000000140019b24     libucrt:free_base.obj
 0002:00008b24       $unwind$?destroy_fls@@YAXPEAX@Z 0000000140019b24     libucrt:per_thread_data.obj
 0002:00008b24       $unwind$__acrt_locale_free_numeric 0000000140019b24     libucrt:initnum.obj
 0002:00008b24       $unwind$__acrt_locale_free_lc_time_if_unreferenced 0000000140019b24     libucrt:locale_refcounting.obj
 0002:00008b2c       $unwind$?construct_ptd_array@@YAXQEAU__acrt_ptd@@@Z 0000000140019b2c     libucrt:per_thread_data.obj
 0002:00008b34       $unwind$?destroy_ptd_array@@YAXQEAU__acrt_ptd@@@Z 0000000140019b34     libucrt:per_thread_data.obj
 0002:00008b3c       $unwind$??$?RV<lambda_0ae27a3a962d80f24befdcbee591983d>@@AEAV<lambda_8d0ee55de4b1038c4002e0adecdf1839>@@V<lambda_dc504788e8f1664fe9b84e20bfb512f2>@@@?$__crt_seh_guarded_call@X@@QEAAX$$QEAV<lambda_0ae27a3a962d80f24befdcbee591983d>@@AEAV<lambda_8d0ee55de4b1038c4002e0adecdf1839>@@$$QEAV<lambda_dc504788e8f1664fe9b84e20bfb512f2>@@@Z 0000000140019b3c     libucrt:per_thread_data.obj
 0002:00008b60       $unwind$??$?RV<lambda_aa87e3671a710a21b5dc78c0bdf72e11>@@AEAV<lambda_92619d2358a28f41a33ba319515a20b9>@@V<lambda_6992ecaafeb10aed2b74cb1fae11a551>@@@?$__crt_seh_guarded_call@X@@QEAAX$$QEAV<lambda_aa87e3671a710a21b5dc78c0bdf72e11>@@AEAV<lambda_92619d2358a28f41a33ba319515a20b9>@@$$QEAV<lambda_6992ecaafeb10aed2b74cb1fae11a551>@@@Z 0000000140019b60     libucrt:per_thread_data.obj
 0002:00008b84       $unwind$??$?RV<lambda_f2e299630e499de9f9a165e60fcd3db5>@@AEAV<lambda_2ae9d31cdba2644fcbeaf08da7c24588>@@V<lambda_40d01ff24d0e7b3814fdbdcee8eab3c7>@@@?$__crt_seh_guarded_call@X@@QEAAX$$QEAV<lambda_f2e299630e499de9f9a165e60fcd3db5>@@AEAV<lambda_2ae9d31cdba2644fcbeaf08da7c24588>@@$$QEAV<lambda_40d01ff24d0e7b3814fdbdcee8eab3c7>@@@Z 0000000140019b84     libucrt:per_thread_data.obj
 0002:00008ba8       $unwind$??$?RV<lambda_2d41944a1d46af3157314b8a01080d33>@@AEAV<lambda_8f455de75cd7d7f24b4096f044d8b9e6>@@V<lambda_aa500f224e6afead328df44964fe2772>@@@?$__crt_seh_guarded_call@X@@QEAAX$$QEAV<lambda_2d41944a1d46af3157314b8a01080d33>@@AEAV<lambda_8f455de75cd7d7f24b4096f044d8b9e6>@@$$QEAV<lambda_aa500f224e6afead328df44964fe2772>@@@Z 0000000140019ba8     libucrt:per_thread_data.obj
 0002:00008bcc       $unwind$_invalid_parameter_noinfo 0000000140019bcc     libucrt:invalid_parameter.obj
 0002:00008bcc       $unwind$_log10_special     0000000140019bcc     libucrt:log_special.obj
 0002:00008bd4       $unwind$__acrt_call_reportfault 0000000140019bd4     libucrt:invalid_parameter.obj
 0002:00008bf4       $unwind$??$common_lseek_nolock@_J@@YA_JH_JHAEAV__crt_cached_ptd_host@@@Z 0000000140019bf4     libucrt:lseek.obj
 0002:00008bf4       $unwind$_invalid_parameter_internal 0000000140019bf4     libucrt:invalid_parameter.obj
 0002:00008c08       $unwind$?get_raw_ptd_noexit@__crt_cached_ptd_host@@QEAAPEAU__acrt_ptd@@XZ 0000000140019c08     libucrt:invalid_parameter.obj
 0002:00008c18       $unwind$_invalid_parameter 0000000140019c18     libucrt:invalid_parameter.obj
 0002:00008c24       $unwind$??$common_expand_argv_wildcards@D@@YAHQEAPEADQEAPEAPEAD@Z 0000000140019c24     libucrt:argv_wildcards.obj
 0002:00008c3c       $unwind$__dcrt_get_narrow_environment_from_os 0000000140019c3c     libucrt:get_environment_from_os.obj
 0002:00008c3c       $unwind$??$__acrt_convert_wcs_mbs_cp@_WDV<lambda_d8593a27d1aa8c02be35c86a17d324c4>@@U__crt_win32_buffer_internal_dynamic_resizing@@@@YAHQEB_WAEAV?$__crt_win32_buffer@DU__crt_win32_buffer_internal_dynamic_resizing@@@@AEBV<lambda_d8593a27d1aa8c02be35c86a17d324c4>@@I@Z 0000000140019c3c     libucrt:argv_wildcards.obj
 0002:00008c54       $unwind$??$copy_and_add_argument_to_buffer@D@@YAHQEBD0_KAEAV?$argument_list@D@?A0x5f5c8891@@@Z 0000000140019c54     libucrt:argv_wildcards.obj
 0002:00008c70       $unwind$??$expand_argument_wildcards@D@@YAHQEAD0AEAV?$argument_list@D@?A0x5f5c8891@@@Z 0000000140019c70     libucrt:argv_wildcards.obj
 0002:00008c90       $unwind$__acrt_GetModuleFileNameA 0000000140019c90     libucrt:getmodulefilenamea.obj
 0002:00008cac       $unwind$__dcrt_write_console 0000000140019cac     libucrt:initcon.obj
 0002:00008cac       $unwind$??$__acrt_convert_wcs_mbs_cp@_WDV<lambda_f788ae46380686e8b737efdd8c720d07>@@U__crt_win32_buffer_no_resizing@@@@YAHQEB_WAEAV?$__crt_win32_buffer@DU__crt_win32_buffer_no_resizing@@@@AEBV<lambda_f788ae46380686e8b737efdd8c720d07>@@I@Z 0000000140019cac     libucrt:getmodulefilenamea.obj
 0002:00008cc0       $unwind$_setmbcp_nolock    0000000140019cc0     libucrt:mbctype.obj
 0002:00008ce0       $unwind$__dcrt_lowio_ensure_console_output_initialized 0000000140019ce0     libucrt:initcon.obj
 0002:00008ce0       $unwind$?__mbrtowc_utf8@__crt_mbstring@@YA_KPEA_WPEBD_KPEAU_Mbstatet@@AEAV__crt_cached_ptd_host@@@Z 0000000140019ce0     libucrt:mbrtowc.obj
 0002:00008ce0       $unwind$?getSystemCP@@YAHH@Z 0000000140019ce0     libucrt:mbctype.obj
 0002:00008ce8       $unwind$?update_thread_multibyte_data_internal@@YAPEAU__crt_multibyte_data@@QEAU__acrt_ptd@@QEAPEAU1@@Z 0000000140019ce8     libucrt:mbctype.obj
 0002:00008d10       $unwind$?setmbcp_internal@@YAHH_NQEAU__acrt_ptd@@QEAPEAU__crt_multibyte_data@@@Z 0000000140019d10     libucrt:mbctype.obj
 0002:00008d28       $unwind$?setSBUpLow@@YAXPEAU__crt_multibyte_data@@@Z 0000000140019d28     libucrt:mbctype.obj
 0002:00008d44       $unwind$??$?RV<lambda_efdfa57d1f175319df784efa44bb7b81>@@AEAV<lambda_5f0a4c1567f8adc6734073e5d1e1b35c>@@V<lambda_2e8a7d3640ea6ccb4c2413664c2db6fd>@@@?$__crt_seh_guarded_call@X@@QEAAX$$QEAV<lambda_efdfa57d1f175319df784efa44bb7b81>@@AEAV<lambda_5f0a4c1567f8adc6734073e5d1e1b35c>@@$$QEAV<lambda_2e8a7d3640ea6ccb4c2413664c2db6fd>@@@Z 0000000140019d44     libucrt:mbctype.obj
 0002:00008d68       $unwind$?x_ismbbtype_l@@YAHPEAU__crt_locale_pointers@@IHH@Z 0000000140019d68     libucrt:ismbbyte.obj
 0002:00008d78       $unwind$__acrt_WideCharToMultiByte 0000000140019d78     libucrt:widechartomultibyte.obj
 0002:00008d84       $unwind$__acrt_lowio_destroy_handle_array 0000000140019d84     libucrt:osfinfo.obj
 0002:00008d94       $unwind$__acrt_lowio_ensure_fh_exists 0000000140019d94     libucrt:osfinfo.obj
 0002:00008dc0       $unwind$__acrt_initialize_lowio 0000000140019dc0     libucrt:ioinit.obj
 0002:00008de0       $unwind$?initialize_inherited_file_handles_nolock@@YAXXZ 0000000140019de0     libucrt:ioinit.obj
 0002:00008dfc       $unwind$__acrt_locale_free_monetary 0000000140019dfc     libucrt:initmon.obj
 0002:00008e04       $unwind$__acrt_locale_free_time 0000000140019e04     libucrt:inittime.obj
 0002:00008e14       $unwind$__acrt_GetStringTypeA 0000000140019e14     libucrt:getstringtypea.obj
 0002:00008e3c       $unwind$__acrt_update_thread_locale_data 0000000140019e3c     libucrt:locale_refcounting.obj
 0002:00008e60       $unwind$__acrt_initialize_winapi_thunks 0000000140019e60     libucrt:winapi_thunks.obj
 0002:00008e68       $unwind$__acrt_LCMapStringEx 0000000140019e68     libucrt:winapi_thunks.obj
 0002:00008e7c       $unwind$_query_new_handler 0000000140019e7c     libucrt:new_handler.obj
 0002:00008e9c       $unwind$raise              0000000140019e9c     libucrt:signal.obj
 0002:00008ed8       $unwind$??$?RV<lambda_450d765d439847d4c735a33c368b5fc0>@@AEAV<lambda_44731a7d0e6d81c3e6aa82d741081786>@@V<lambda_601a2a7da3b7a96e9554ac7215c4b07c>@@@?$__crt_seh_guarded_call@P6AXH@Z@@QEAAP6AXH@Z$$QEAV<lambda_450d765d439847d4c735a33c368b5fc0>@@AEAV<lambda_44731a7d0e6d81c3e6aa82d741081786>@@$$QEAV<lambda_601a2a7da3b7a96e9554ac7215c4b07c>@@@Z 0000000140019ed8     libucrt:signal.obj
 0002:00008efc       $unwind$fclose             0000000140019efc     libucrt:fclose.obj
 0002:00008efc       $unwind$_fflush_nolock     0000000140019efc     libucrt:fflush.obj
 0002:00008f0c       $unwind$?common_flush_all@@YAH_N@Z 0000000140019f0c     libucrt:fflush.obj
 0002:00008f14       $unwind$??$?RV<lambda_842d9ff0dc9ef11c61343bbaebe7f885>@@AEAV<lambda_c5860995281e5c4ce005b3de8f5874ee>@@V<lambda_d90129c13df834fdcbf8d2b88dafcf2d>@@@?$__crt_seh_guarded_call@X@@QEAAX$$QEAV<lambda_842d9ff0dc9ef11c61343bbaebe7f885>@@AEAV<lambda_c5860995281e5c4ce005b3de8f5874ee>@@$$QEAV<lambda_d90129c13df834fdcbf8d2b88dafcf2d>@@@Z 0000000140019f14     libucrt:fflush.obj
 0002:00008f38       $unwind$??$?RV<lambda_886d6c58226a84441f68b9f2b8217b83>@@AEAV<lambda_ab61a845afdef5b7c387490eaf3616ee>@@V<lambda_f7f22ab5edc0698d5f6905b0d3f44752>@@@?$__crt_seh_guarded_call@X@@QEAAX$$QEAV<lambda_886d6c58226a84441f68b9f2b8217b83>@@AEAV<lambda_ab61a845afdef5b7c387490eaf3616ee>@@$$QEAV<lambda_f7f22ab5edc0698d5f6905b0d3f44752>@@@Z 0000000140019f38     libucrt:fflush.obj
 0002:00008f60       $unwind$qsort              0000000140019f60     libucrt:qsort.obj
 0002:00008f78       $chain$4$qsort             0000000140019f78     libucrt:qsort.obj
 0002:00008f9c       $chain$5$qsort             0000000140019f9c     libucrt:qsort.obj
 0002:00008fac       $unwind$strpbrk            0000000140019fac     libucrt:strpbrk.obj
 0002:00008fbc       $unwind$fallbackMethod     0000000140019fbc     libucrt:strpbrk.obj
 0002:00008fcc       $unwind$_mbsdec_l          0000000140019fcc     libucrt:mbsdec.obj
 0002:00008fd8       $unwind$__acrt_LCMapStringA 0000000140019fd8     libucrt:lcmapstringa.obj
 0002:00008fe8       $unwind$?__acrt_LCMapStringA_stat@@YAHPEAU__crt_locale_pointers@@PEB_WKPEBDHPEADHHH@Z 0000000140019fe8     libucrt:lcmapstringa.obj
 0002:00009010       $unwind$_commit            000000014001a010     libucrt:commit.obj
 0002:00009018       $unwind$??$?RV<lambda_a37b2b86f63e897a80ea819b0eb08c01>@@AEAV<lambda_38ce7e780aa69e748d6df282ebc68efe>@@V<lambda_99fb1378e971ab6e7edea83e3a7a83a2>@@@?$__crt_seh_guarded_call@H@@QEAAH$$QEAV<lambda_a37b2b86f63e897a80ea819b0eb08c01>@@AEAV<lambda_38ce7e780aa69e748d6df282ebc68efe>@@$$QEAV<lambda_99fb1378e971ab6e7edea83e3a7a83a2>@@@Z 000000014001a018     libucrt:commit.obj
 0002:0000903c       $unwind$_write_nolock      000000014001a03c     libucrt:write.obj
 0002:00009054       $unwind$_write_internal    000000014001a054     libucrt:write.obj
 0002:00009084       $unwind$_write_internal$fin$0 000000014001a084     libucrt:write.obj
 0002:00009084       $unwind$?fin$0@?0??_fclose_internal@@YAHQEAU_iobuf@@AEAV__crt_cached_ptd_host@@@Z@4HA 000000014001a084     libucrt:fclose.obj
 0002:0000908c       $unwind$?write_double_translated_ansi_nolock@@YA?AUwrite_result@?A0x17268360@@HQEBDIAEAV__crt_cached_ptd_host@@@Z 000000014001a08c     libucrt:write.obj
 0002:000090b8       $ip2state$?write_double_translated_ansi_nolock@@YA?AUwrite_result@?A0x17268360@@HQEBDIAEAV__crt_cached_ptd_host@@@Z 000000014001a0b8     libucrt:write.obj
 0002:000090c0       $unwind$?write_text_ansi_nolock@@YA?AUwrite_result@?A0x17268360@@HQEBDI@Z 000000014001a0c0     libucrt:write.obj
 0002:000090c0       $unwind$?write_text_utf16le_nolock@@YA?AUwrite_result@?A0x17268360@@HQEBDI@Z 000000014001a0c0     libucrt:write.obj
 0002:000090e0       $unwind$?write_text_utf8_nolock@@YA?AUwrite_result@?A0x17268360@@HQEBDI@Z 000000014001a0e0     libucrt:write.obj
 0002:00009104       $unwind$_fcloseall         000000014001a104     libucrt:closeall.obj
 0002:00009128       $unwind$?__mbsrtowcs_utf8@__crt_mbstring@@YA_KPEA_WPEAPEBD_KPEAU_Mbstatet@@AEAV__crt_cached_ptd_host@@@Z 000000014001a128     libucrt:mbrtowc.obj
 0002:00009140       $unwind$_putwch_nolock     000000014001a140     libucrt:putwch.obj
 0002:00009148       $unwind$?_fclose_nolock_internal@@YAHQEAU_iobuf@@AEAV__crt_cached_ptd_host@@@Z 000000014001a148     libucrt:fclose.obj
 0002:00009158       $unwind$?_fclose_internal@@YAHQEAU_iobuf@@AEAV__crt_cached_ptd_host@@@Z 000000014001a158     libucrt:fclose.obj
 0002:00009180       $xdatasym                  000000014001a180     libucrt:log10.obj
 0002:0000918c       $unwind$?__mbrtoc32_utf8@__crt_mbstring@@YA_KPEA_UPEBD_KPEAU_Mbstatet@@AEAV__crt_cached_ptd_host@@@Z 000000014001a18c     libucrt:mbrtoc32.obj
 0002:000091a8       $unwind$_close_internal    000000014001a1a8     libucrt:close.obj
 0002:000091b0       $unwind$??$?RV<lambda_ad8af0d99a0adf03d037d7dffe354bb5>@@AEAV<lambda_c9ba49e555ba839a7b07aa3fbecb7617>@@V<lambda_2f1ebd5d68526518146ae959c9e734c8>@@@?$__crt_seh_guarded_call@H@@QEAAH$$QEAV<lambda_ad8af0d99a0adf03d037d7dffe354bb5>@@AEAV<lambda_c9ba49e555ba839a7b07aa3fbecb7617>@@$$QEAV<lambda_2f1ebd5d68526518146ae959c9e734c8>@@@Z 000000014001a1b0     libucrt:close.obj
 0002:000091d4       $unwind$_call_matherr      000000014001a1d4     libucrt:libm_error.obj
 0002:000091dc       $unwind$_handle_error      000000014001a1dc     libucrt:libm_error.obj
 0002:000091fc       $unwind$__acrt_initialize_fma3 000000014001a1fc     libucrt:fma3_available.obj
 0002:00009204       $unwind$_log_special_common 000000014001a204     libucrt:log_special.obj
 0002:00009210       $xdatasym                  000000014001a210     libucrt:fpsr.obj
 0002:00009218       $unwind$_raise_exc         000000014001a218     libucrt:fpexcept.obj
 0002:00009220       $unwind$_raise_exc_ex      000000014001a220     libucrt:fpexcept.obj
 0002:00009234       $unwind$_ctrlfp            000000014001a234     libucrt:fpctrl.obj
 0002:0000925c       $unwind$_IsNonwritableInCurrentImage 000000014001a25c     LIBCMT:pesect.obj
 0002:00009280       $xdatasym                  000000014001a280     LIBCMT:chkstk.obj
 0002:00009752       .idata$6                   000000014001a752     user32:USER32.dll
 0002:00009792       .idata$6                   000000014001a792     gdi32:GDI32.dll
 0002:00009804       .idata$6                   000000014001a804     opengl32:OPENGL32.dll
 0002:00009982       .idata$6                   000000014001a982     kernel32:KERNEL32.dll
 0003:00000070       ?__vcrt_flsindex@@3KA      000000014001b070     libvcruntime:per_thread_data.obj
 0003:00000090       ?__acrt_flsindex@@3KA      000000014001b090     libucrt:per_thread_data.obj
 0003:00000094       ?errno_no_memory@@3HA      000000014001b094     libucrt:errno.obj
 0003:00000098       ?doserrno_no_memory@@3KA   000000014001b098     libucrt:errno.obj
 0003:000002d0       _mbctypes                  000000014001b2d0     libucrt:mbctype.obj
 0003:000003e0       _mbcasemaps                000000014001b3e0     libucrt:mbctype.obj
 0003:000004e0       ?__rgctypeflag@@3PADA      000000014001b4e0     libucrt:mbctype.obj
 0003:000004f0       ?__rgcode_page_info@@3PAUcode_page_info@@A 000000014001b4f0     libucrt:mbctype.obj
 0003:00000a10       ?__dcrt_lowio_console_output_handle@@3PEAXEA 000000014001ba10     libucrt:initcon.obj
 0003:00000a20       ?dazSupported@?1??_ctrlfp@@9@9 000000014001ba20     libucrt:fpctrl.obj
 0003:00000ac0       GS_ExceptionRecord         000000014001bac0     LIBCMT:gs_report.obj
 0003:00000b60       GS_ContextRecord           000000014001bb60     LIBCMT:gs_report.obj
 0003:00001040       ?is_initialized_as_dll@@3_NA 000000014001c040     LIBCMT:utility.obj
 0003:00001041       ?module_local_atexit_table_initialized@@3_NA 000000014001c041     LIBCMT:utility.obj
 0003:00001048       ?module_local_atexit_table@@3U_onexit_table_t@@A 000000014001c048     LIBCMT:utility.obj
 0003:00001060       ?module_local_at_quick_exit_table@@3U_onexit_table_t@@A 000000014001c060     LIBCMT:utility.obj
 0003:000010b0       ?__vcrt_startup_thread_ptd@@3U__vcrt_ptd@@A 000000014001c0b0     libvcruntime:per_thread_data.obj
 0003:00001130       __vcrt_lock_table          000000014001c130     libvcruntime:locks.obj
 0003:00001158       __vcrt_locks_initialized   000000014001c158     libvcruntime:locks.obj
 0003:000011a0       ?heap@@3V_HeapManager@@A   000000014001c1a0     libvcruntime:undname.obj
 0003:000011c8       ?module_handles@@3PAPEAUHINSTANCE__@@A 000000014001c1c8     libvcruntime:winapi_downlevel.obj
 0003:000011e0       ?function_pointers@@3PAPEAXA 000000014001c1e0     libvcruntime:winapi_downlevel.obj
 0003:00001210       ?__acrt_app_type@@3W4_crt_app_type@@A 000000014001c210     libucrt:report_runtime_error.obj
 0003:00001218       ?user_matherr@@3V?$dual_state_global@P6AHPEAU_exception@@@Z@__crt_state_management@@A 000000014001c218     libucrt:matherr.obj
 0003:00001220       ?program_name@?1???$common_configure_argv@D@@YAHW4_crt_argv_mode@@@Z@4PADA 000000014001c220     libucrt:argv_parsing.obj
 0003:00001348       ?empty_string@?1???$common_wincmdln@E@@YAPEAEXZ@4PAEA 000000014001c348     libucrt:argv_winmain.obj
 0003:0000134c       ?c_termination_complete@@3JA 000000014001c34c     libucrt:exit.obj
 0003:00001350       ?thread_local_exit_callback_func@@3P6AXPEAXK0@ZEA 000000014001c350     libucrt:exit.obj
 0003:00001360       ?__acrt_global_new_mode@@3V?$dual_state_global@J@__crt_state_management@@A 000000014001c360     libucrt:new_mode.obj
 0003:00001398       ?__acrt_invalid_parameter_handler@@3V?$dual_state_global@P6AXPEB_W00I_K@Z@__crt_state_management@@A 000000014001c398     libucrt:invalid_parameter.obj
 0003:000013b8       ?fSystemSet@@3HA           000000014001c3b8     libucrt:mbctype.obj
 0003:000013bc       ?initialized@?1??__acrt_initialize_multibyte@@9@4_NA 000000014001c3bc     libucrt:mbctype.obj
 0003:000013f0       ?__acrt_lock_table@@3PAU_RTL_CRITICAL_SECTION@@A 000000014001c3f0     libucrt:locks.obj
 0003:00001620       ?__acrt_locks_initialized@@3IA 000000014001c620     libucrt:locks.obj
 0003:00001a40       ?module_handles@@3PAPEAUHINSTANCE__@@A 000000014001ca40     libucrt:winapi_thunks.obj
 0003:00001ae0       ?encoded_function_pointers@@3PAPEAXA 000000014001cae0     libucrt:winapi_thunks.obj
 0003:00001be0       ?__acrt_new_handler@@3V?$dual_state_global@P6AH_K@Z@__crt_state_management@@A 000000014001cbe0     libucrt:new_handler.obj
 0003:00001be8       ?ctrlc_action@@3V?$dual_state_global@P6AXH@Z@__crt_state_management@@A 000000014001cbe8     libucrt:signal.obj
 0003:00001bf0       ?ctrlbreak_action@@3V?$dual_state_global@P6AXH@Z@__crt_state_management@@A 000000014001cbf0     libucrt:signal.obj
 0003:00001bf8       ?abort_action@@3V?$dual_state_global@P6AXH@Z@__crt_state_management@@A 000000014001cbf8     libucrt:signal.obj
 0003:00001c00       ?term_action@@3V?$dual_state_global@P6AXH@Z@__crt_state_management@@A 000000014001cc00     libucrt:signal.obj
 0003:00001c28       ?internal_state@?1??_mbtowc_internal@@9@4U_Mbstatet@@A 000000014001cc28     libucrt:mbtowc.obj
 0003:00001c30       ?internal_pst@?1??__mbrtoc32_utf8@__crt_mbstring@@YA_KPEA_UPEBD_KPEAU_Mbstatet@@AEAV__crt_cached_ptd_host@@@Z@4U3@A 000000014001cc30     libucrt:mbrtoc32.obj
 0005:00000000       MoveSmall                  000000014001e000     libvcruntime:memcpy_avx_ermsb_aligned.obj
 0005:00000040       MoveSmallYmm               000000014001e040     libvcruntime:memcpy_avx_ermsb_aligned.obj
 0005:00000064       MoveSmallYmmNT             000000014001e064     libvcruntime:memcpy_avx_ermsb_aligned.obj
 0005:00000090       MoveSmall                  000000014001e090     libvcruntime:memcpy_avx_ermsb_aligned_amd.obj
 0005:000000d0       MoveSmallYmm               000000014001e0d0     libvcruntime:memcpy_avx_ermsb_aligned_amd.obj
 0005:000000f4       MoveSmallYmmNT             000000014001e0f4     libvcruntime:memcpy_avx_ermsb_aligned_amd.obj
 0005:00000120       MoveSmall                  000000014001e120     libvcruntime:memcpy_sse2_ermsb_aligned.obj
 0005:00000160       MoveSmallXmm               000000014001e160     libvcruntime:memcpy_sse2_ermsb_aligned.obj
 0005:00000190       MoveSmall                  000000014001e190     libvcruntime:memcpy_sse2_ermsb_aligned_amd.obj
 0005:000001d0       MoveSmallXmm               000000014001e1d0     libvcruntime:memcpy_sse2_ermsb_aligned_amd.obj
